Archive member included to satisfy reference by file (symbol)

c:/program files (x86)/atmel/studio/7.0/toolchain/avr8/avr8-gnu-toolchain/bin/../lib/gcc/avr/5.4.0/avr51\libgcc.a(_udivmodhi4.o)
                              display_functions.o (__udivmodhi4)
c:/program files (x86)/atmel/studio/7.0/toolchain/avr8/avr8-gnu-toolchain/bin/../lib/gcc/avr/5.4.0/avr51\libgcc.a(_exit.o)
                              C:/Program Files (x86)/Atmel/Studio/7.0/Packs/atmel/ATmega_DFP/1.2.209/gcc/dev/at90can128/avr51/crtat90can128.o (exit)
c:/program files (x86)/atmel/studio/7.0/toolchain/avr8/avr8-gnu-toolchain/bin/../lib/gcc/avr/5.4.0/avr51\libgcc.a(_tablejump2.o)
                              display_data.o (__tablejump2__)
c:/program files (x86)/atmel/studio/7.0/toolchain/avr8/avr8-gnu-toolchain/bin/../lib/gcc/avr/5.4.0/avr51\libgcc.a(_copy_data.o)
                              display_functions.o (__do_copy_data)
c:/program files (x86)/atmel/studio/7.0/toolchain/avr8/avr8-gnu-toolchain/bin/../lib/gcc/avr/5.4.0/avr51\libgcc.a(_clear_bss.o)
                              CAN_Data.o (__do_clear_bss)
c:/program files (x86)/atmel/studio/7.0/toolchain/avr8/avr8-gnu-toolchain/bin/../lib/gcc/avr/5.4.0/avr51\libgcc.a(_umulhisi3.o)
                              display_data.o (__umulhisi3)

Allocating common symbols
Common symbol       size              file

Logger1_databytes   0x8               CAN_Data.o
can_Logger2_mob     0x5               CAN_Data.o
Logger2_databytes   0x8               CAN_Data.o
CMC_databytes       0x8               CAN_Data.o
can_ecu0_mob        0x5               CAN_Data.o
can_SHR0_mob        0x5               CAN_Data.o
RPM_LED_Register    0x2               display_functions.o
can_CMC_mob         0x5               CAN_Data.o
can_SHL0_mob        0x5               CAN_Data.o
SHR0_databytes      0x8               CAN_Data.o
can_Logger1_mob     0x5               CAN_Data.o
SHL0_databytes      0x8               CAN_Data.o
can_Logger0_mob     0x5               CAN_Data.o
ecu2_databytes      0x8               CAN_Data.o
dsp_data            0x140             display_data.o
rpm_ranges          0x18              display_functions.o
ETC_databytes       0x8               CAN_Data.o
can_ecu2_mob        0x5               CAN_Data.o
Logger0_databytes   0x8               CAN_Data.o
can_SWC_mob         0x5               CAN_Data.o
can_ETC_mob         0x5               CAN_Data.o
ecu0_databytes      0x8               CAN_Data.o
SWC_databytes       0x8               CAN_Data.o
ecu4_databytes      0x8               CAN_Data.o
can_ecu4_mob        0x5               CAN_Data.o

Discarded input sections

 .data          0x00000000        0x0 C:/Program Files (x86)/Atmel/Studio/7.0/Packs/atmel/ATmega_DFP/1.2.209/gcc/dev/at90can128/avr51/crtat90can128.o
 .bss           0x00000000        0x0 C:/Program Files (x86)/Atmel/Studio/7.0/Packs/atmel/ATmega_DFP/1.2.209/gcc/dev/at90can128/avr51/crtat90can128.o
 .text          0x00000000        0x0 CAN_Data.o
 .data          0x00000000        0x0 CAN_Data.o
 .bss           0x00000000        0x0 CAN_Data.o
 .text          0x00000000        0x0 generic.o
 .data          0x00000000        0x0 generic.o
 .bss           0x00000000        0x0 generic.o
 .text          0x00000000        0x0 canlib.o
 .data          0x00000000        0x0 canlib.o
 .bss           0x00000000        0x0 canlib.o
 .text.can_tx   0x00000000       0x92 canlib.o
 .text          0x00000000        0x0 display_data.o
 .data          0x00000000        0x0 display_data.o
 .bss           0x00000000        0x0 display_data.o
 .text          0x00000000        0x0 display_functions.o
 .data          0x00000000        0x0 display_functions.o
 .bss           0x00000000        0x0 display_functions.o
 .text          0x00000000        0x0 main.o
 .data          0x00000000        0x0 main.o
 .bss           0x00000000        0x0 main.o
 .text          0x00000000        0x0 c:/program files (x86)/atmel/studio/7.0/toolchain/avr8/avr8-gnu-toolchain/bin/../lib/gcc/avr/5.4.0/avr51\libgcc.a(_udivmodhi4.o)
 .data          0x00000000        0x0 c:/program files (x86)/atmel/studio/7.0/toolchain/avr8/avr8-gnu-toolchain/bin/../lib/gcc/avr/5.4.0/avr51\libgcc.a(_udivmodhi4.o)
 .bss           0x00000000        0x0 c:/program files (x86)/atmel/studio/7.0/toolchain/avr8/avr8-gnu-toolchain/bin/../lib/gcc/avr/5.4.0/avr51\libgcc.a(_udivmodhi4.o)
 .text.libgcc.mul
                0x00000000        0x0 c:/program files (x86)/atmel/studio/7.0/toolchain/avr8/avr8-gnu-toolchain/bin/../lib/gcc/avr/5.4.0/avr51\libgcc.a(_udivmodhi4.o)
 .text.libgcc   0x00000000        0x0 c:/program files (x86)/atmel/studio/7.0/toolchain/avr8/avr8-gnu-toolchain/bin/../lib/gcc/avr/5.4.0/avr51\libgcc.a(_udivmodhi4.o)
 .text.libgcc.prologue
                0x00000000        0x0 c:/program files (x86)/atmel/studio/7.0/toolchain/avr8/avr8-gnu-toolchain/bin/../lib/gcc/avr/5.4.0/avr51\libgcc.a(_udivmodhi4.o)
 .text.libgcc.builtins
                0x00000000        0x0 c:/program files (x86)/atmel/studio/7.0/toolchain/avr8/avr8-gnu-toolchain/bin/../lib/gcc/avr/5.4.0/avr51\libgcc.a(_udivmodhi4.o)
 .text.libgcc.fmul
                0x00000000        0x0 c:/program files (x86)/atmel/studio/7.0/toolchain/avr8/avr8-gnu-toolchain/bin/../lib/gcc/avr/5.4.0/avr51\libgcc.a(_udivmodhi4.o)
 .text.libgcc.fixed
                0x00000000        0x0 c:/program files (x86)/atmel/studio/7.0/toolchain/avr8/avr8-gnu-toolchain/bin/../lib/gcc/avr/5.4.0/avr51\libgcc.a(_udivmodhi4.o)
 .text          0x00000000        0x0 c:/program files (x86)/atmel/studio/7.0/toolchain/avr8/avr8-gnu-toolchain/bin/../lib/gcc/avr/5.4.0/avr51\libgcc.a(_exit.o)
 .data          0x00000000        0x0 c:/program files (x86)/atmel/studio/7.0/toolchain/avr8/avr8-gnu-toolchain/bin/../lib/gcc/avr/5.4.0/avr51\libgcc.a(_exit.o)
 .bss           0x00000000        0x0 c:/program files (x86)/atmel/studio/7.0/toolchain/avr8/avr8-gnu-toolchain/bin/../lib/gcc/avr/5.4.0/avr51\libgcc.a(_exit.o)
 .text.libgcc.mul
                0x00000000        0x0 c:/program files (x86)/atmel/studio/7.0/toolchain/avr8/avr8-gnu-toolchain/bin/../lib/gcc/avr/5.4.0/avr51\libgcc.a(_exit.o)
 .text.libgcc.div
                0x00000000        0x0 c:/program files (x86)/atmel/studio/7.0/toolchain/avr8/avr8-gnu-toolchain/bin/../lib/gcc/avr/5.4.0/avr51\libgcc.a(_exit.o)
 .text.libgcc   0x00000000        0x0 c:/program files (x86)/atmel/studio/7.0/toolchain/avr8/avr8-gnu-toolchain/bin/../lib/gcc/avr/5.4.0/avr51\libgcc.a(_exit.o)
 .text.libgcc.prologue
                0x00000000        0x0 c:/program files (x86)/atmel/studio/7.0/toolchain/avr8/avr8-gnu-toolchain/bin/../lib/gcc/avr/5.4.0/avr51\libgcc.a(_exit.o)
 .text.libgcc.builtins
                0x00000000        0x0 c:/program files (x86)/atmel/studio/7.0/toolchain/avr8/avr8-gnu-toolchain/bin/../lib/gcc/avr/5.4.0/avr51\libgcc.a(_exit.o)
 .text.libgcc.fmul
                0x00000000        0x0 c:/program files (x86)/atmel/studio/7.0/toolchain/avr8/avr8-gnu-toolchain/bin/../lib/gcc/avr/5.4.0/avr51\libgcc.a(_exit.o)
 .text.libgcc.fixed
                0x00000000        0x0 c:/program files (x86)/atmel/studio/7.0/toolchain/avr8/avr8-gnu-toolchain/bin/../lib/gcc/avr/5.4.0/avr51\libgcc.a(_exit.o)
 .text          0x00000000        0x0 c:/program files (x86)/atmel/studio/7.0/toolchain/avr8/avr8-gnu-toolchain/bin/../lib/gcc/avr/5.4.0/avr51\libgcc.a(_tablejump2.o)
 .data          0x00000000        0x0 c:/program files (x86)/atmel/studio/7.0/toolchain/avr8/avr8-gnu-toolchain/bin/../lib/gcc/avr/5.4.0/avr51\libgcc.a(_tablejump2.o)
 .bss           0x00000000        0x0 c:/program files (x86)/atmel/studio/7.0/toolchain/avr8/avr8-gnu-toolchain/bin/../lib/gcc/avr/5.4.0/avr51\libgcc.a(_tablejump2.o)
 .text.libgcc.mul
                0x00000000        0x0 c:/program files (x86)/atmel/studio/7.0/toolchain/avr8/avr8-gnu-toolchain/bin/../lib/gcc/avr/5.4.0/avr51\libgcc.a(_tablejump2.o)
 .text.libgcc.div
                0x00000000        0x0 c:/program files (x86)/atmel/studio/7.0/toolchain/avr8/avr8-gnu-toolchain/bin/../lib/gcc/avr/5.4.0/avr51\libgcc.a(_tablejump2.o)
 .text.libgcc.prologue
                0x00000000        0x0 c:/program files (x86)/atmel/studio/7.0/toolchain/avr8/avr8-gnu-toolchain/bin/../lib/gcc/avr/5.4.0/avr51\libgcc.a(_tablejump2.o)
 .text.libgcc.builtins
                0x00000000        0x0 c:/program files (x86)/atmel/studio/7.0/toolchain/avr8/avr8-gnu-toolchain/bin/../lib/gcc/avr/5.4.0/avr51\libgcc.a(_tablejump2.o)
 .text.libgcc.fmul
                0x00000000        0x0 c:/program files (x86)/atmel/studio/7.0/toolchain/avr8/avr8-gnu-toolchain/bin/../lib/gcc/avr/5.4.0/avr51\libgcc.a(_tablejump2.o)
 .text.libgcc.fixed
                0x00000000        0x0 c:/program files (x86)/atmel/studio/7.0/toolchain/avr8/avr8-gnu-toolchain/bin/../lib/gcc/avr/5.4.0/avr51\libgcc.a(_tablejump2.o)
 .text          0x00000000        0x0 c:/program files (x86)/atmel/studio/7.0/toolchain/avr8/avr8-gnu-toolchain/bin/../lib/gcc/avr/5.4.0/avr51\libgcc.a(_copy_data.o)
 .data          0x00000000        0x0 c:/program files (x86)/atmel/studio/7.0/toolchain/avr8/avr8-gnu-toolchain/bin/../lib/gcc/avr/5.4.0/avr51\libgcc.a(_copy_data.o)
 .bss           0x00000000        0x0 c:/program files (x86)/atmel/studio/7.0/toolchain/avr8/avr8-gnu-toolchain/bin/../lib/gcc/avr/5.4.0/avr51\libgcc.a(_copy_data.o)
 .text.libgcc.mul
                0x00000000        0x0 c:/program files (x86)/atmel/studio/7.0/toolchain/avr8/avr8-gnu-toolchain/bin/../lib/gcc/avr/5.4.0/avr51\libgcc.a(_copy_data.o)
 .text.libgcc.div
                0x00000000        0x0 c:/program files (x86)/atmel/studio/7.0/toolchain/avr8/avr8-gnu-toolchain/bin/../lib/gcc/avr/5.4.0/avr51\libgcc.a(_copy_data.o)
 .text.libgcc   0x00000000        0x0 c:/program files (x86)/atmel/studio/7.0/toolchain/avr8/avr8-gnu-toolchain/bin/../lib/gcc/avr/5.4.0/avr51\libgcc.a(_copy_data.o)
 .text.libgcc.prologue
                0x00000000        0x0 c:/program files (x86)/atmel/studio/7.0/toolchain/avr8/avr8-gnu-toolchain/bin/../lib/gcc/avr/5.4.0/avr51\libgcc.a(_copy_data.o)
 .text.libgcc.builtins
                0x00000000        0x0 c:/program files (x86)/atmel/studio/7.0/toolchain/avr8/avr8-gnu-toolchain/bin/../lib/gcc/avr/5.4.0/avr51\libgcc.a(_copy_data.o)
 .text.libgcc.fmul
                0x00000000        0x0 c:/program files (x86)/atmel/studio/7.0/toolchain/avr8/avr8-gnu-toolchain/bin/../lib/gcc/avr/5.4.0/avr51\libgcc.a(_copy_data.o)
 .text.libgcc.fixed
                0x00000000        0x0 c:/program files (x86)/atmel/studio/7.0/toolchain/avr8/avr8-gnu-toolchain/bin/../lib/gcc/avr/5.4.0/avr51\libgcc.a(_copy_data.o)
 .text          0x00000000        0x0 c:/program files (x86)/atmel/studio/7.0/toolchain/avr8/avr8-gnu-toolchain/bin/../lib/gcc/avr/5.4.0/avr51\libgcc.a(_clear_bss.o)
 .data          0x00000000        0x0 c:/program files (x86)/atmel/studio/7.0/toolchain/avr8/avr8-gnu-toolchain/bin/../lib/gcc/avr/5.4.0/avr51\libgcc.a(_clear_bss.o)
 .bss           0x00000000        0x0 c:/program files (x86)/atmel/studio/7.0/toolchain/avr8/avr8-gnu-toolchain/bin/../lib/gcc/avr/5.4.0/avr51\libgcc.a(_clear_bss.o)
 .text.libgcc.mul
                0x00000000        0x0 c:/program files (x86)/atmel/studio/7.0/toolchain/avr8/avr8-gnu-toolchain/bin/../lib/gcc/avr/5.4.0/avr51\libgcc.a(_clear_bss.o)
 .text.libgcc.div
                0x00000000        0x0 c:/program files (x86)/atmel/studio/7.0/toolchain/avr8/avr8-gnu-toolchain/bin/../lib/gcc/avr/5.4.0/avr51\libgcc.a(_clear_bss.o)
 .text.libgcc   0x00000000        0x0 c:/program files (x86)/atmel/studio/7.0/toolchain/avr8/avr8-gnu-toolchain/bin/../lib/gcc/avr/5.4.0/avr51\libgcc.a(_clear_bss.o)
 .text.libgcc.prologue
                0x00000000        0x0 c:/program files (x86)/atmel/studio/7.0/toolchain/avr8/avr8-gnu-toolchain/bin/../lib/gcc/avr/5.4.0/avr51\libgcc.a(_clear_bss.o)
 .text.libgcc.builtins
                0x00000000        0x0 c:/program files (x86)/atmel/studio/7.0/toolchain/avr8/avr8-gnu-toolchain/bin/../lib/gcc/avr/5.4.0/avr51\libgcc.a(_clear_bss.o)
 .text.libgcc.fmul
                0x00000000        0x0 c:/program files (x86)/atmel/studio/7.0/toolchain/avr8/avr8-gnu-toolchain/bin/../lib/gcc/avr/5.4.0/avr51\libgcc.a(_clear_bss.o)
 .text.libgcc.fixed
                0x00000000        0x0 c:/program files (x86)/atmel/studio/7.0/toolchain/avr8/avr8-gnu-toolchain/bin/../lib/gcc/avr/5.4.0/avr51\libgcc.a(_clear_bss.o)
 .text          0x00000000        0x0 c:/program files (x86)/atmel/studio/7.0/toolchain/avr8/avr8-gnu-toolchain/bin/../lib/gcc/avr/5.4.0/avr51\libgcc.a(_umulhisi3.o)
 .data          0x00000000        0x0 c:/program files (x86)/atmel/studio/7.0/toolchain/avr8/avr8-gnu-toolchain/bin/../lib/gcc/avr/5.4.0/avr51\libgcc.a(_umulhisi3.o)
 .bss           0x00000000        0x0 c:/program files (x86)/atmel/studio/7.0/toolchain/avr8/avr8-gnu-toolchain/bin/../lib/gcc/avr/5.4.0/avr51\libgcc.a(_umulhisi3.o)
 .text.libgcc.div
                0x00000000        0x0 c:/program files (x86)/atmel/studio/7.0/toolchain/avr8/avr8-gnu-toolchain/bin/../lib/gcc/avr/5.4.0/avr51\libgcc.a(_umulhisi3.o)
 .text.libgcc   0x00000000        0x0 c:/program files (x86)/atmel/studio/7.0/toolchain/avr8/avr8-gnu-toolchain/bin/../lib/gcc/avr/5.4.0/avr51\libgcc.a(_umulhisi3.o)
 .text.libgcc.prologue
                0x00000000        0x0 c:/program files (x86)/atmel/studio/7.0/toolchain/avr8/avr8-gnu-toolchain/bin/../lib/gcc/avr/5.4.0/avr51\libgcc.a(_umulhisi3.o)
 .text.libgcc.builtins
                0x00000000        0x0 c:/program files (x86)/atmel/studio/7.0/toolchain/avr8/avr8-gnu-toolchain/bin/../lib/gcc/avr/5.4.0/avr51\libgcc.a(_umulhisi3.o)
 .text.libgcc.fmul
                0x00000000        0x0 c:/program files (x86)/atmel/studio/7.0/toolchain/avr8/avr8-gnu-toolchain/bin/../lib/gcc/avr/5.4.0/avr51\libgcc.a(_umulhisi3.o)
 .text.libgcc.fixed
                0x00000000        0x0 c:/program files (x86)/atmel/studio/7.0/toolchain/avr8/avr8-gnu-toolchain/bin/../lib/gcc/avr/5.4.0/avr51\libgcc.a(_umulhisi3.o)

Memory Configuration

Name             Origin             Length             Attributes
text             0x00000000         0x00020000         xr
data             0x00800100         0x0000ff00         rw !x
eeprom           0x00810000         0x00010000         rw !x
fuse             0x00820000         0x00000003         rw !x
lock             0x00830000         0x00000400         rw !x
signature        0x00840000         0x00000400         rw !x
user_signatures  0x00850000         0x00000400         rw !x
*default*        0x00000000         0xffffffff

Linker script and memory map

Address of section .data set to 0x800100
LOAD C:/Program Files (x86)/Atmel/Studio/7.0/Packs/atmel/ATmega_DFP/1.2.209/gcc/dev/at90can128/avr51/crtat90can128.o
LOAD CAN_Data.o
LOAD generic.o
LOAD canlib.o
LOAD display_data.o
LOAD display_functions.o
LOAD main.o
START GROUP
LOAD c:/program files (x86)/atmel/studio/7.0/toolchain/avr8/avr8-gnu-toolchain/bin/../lib/gcc/avr/5.4.0/../../../../avr/lib/avr51\libm.a
END GROUP
START GROUP
LOAD c:/program files (x86)/atmel/studio/7.0/toolchain/avr8/avr8-gnu-toolchain/bin/../lib/gcc/avr/5.4.0/avr51\libgcc.a
LOAD c:/program files (x86)/atmel/studio/7.0/toolchain/avr8/avr8-gnu-toolchain/bin/../lib/gcc/avr/5.4.0/../../../../avr/lib/avr51\libm.a
LOAD c:/program files (x86)/atmel/studio/7.0/toolchain/avr8/avr8-gnu-toolchain/bin/../lib/gcc/avr/5.4.0/../../../../avr/lib/avr51\libc.a
LOAD C:/Program Files (x86)/Atmel/Studio/7.0/Packs/atmel/ATmega_DFP/1.2.209/gcc/dev/at90can128/avr51\libat90can128.a
END GROUP
                0x00000000                __TEXT_REGION_ORIGIN__ = DEFINED (__TEXT_REGION_ORIGIN__)?__TEXT_REGION_ORIGIN__:0x0
                0x00800100                __DATA_REGION_ORIGIN__ = DEFINED (__DATA_REGION_ORIGIN__)?__DATA_REGION_ORIGIN__:0x800100
                0x00020000                __TEXT_REGION_LENGTH__ = DEFINED (__TEXT_REGION_LENGTH__)?__TEXT_REGION_LENGTH__:0x20000
                0x0000ff00                __DATA_REGION_LENGTH__ = DEFINED (__DATA_REGION_LENGTH__)?__DATA_REGION_LENGTH__:0xff00
                0x00010000                __EEPROM_REGION_LENGTH__ = DEFINED (__EEPROM_REGION_LENGTH__)?__EEPROM_REGION_LENGTH__:0x10000
                [0x00000003]                __FUSE_REGION_LENGTH__ = DEFINED (__FUSE_REGION_LENGTH__)?__FUSE_REGION_LENGTH__:0x400
                0x00000400                __LOCK_REGION_LENGTH__ = DEFINED (__LOCK_REGION_LENGTH__)?__LOCK_REGION_LENGTH__:0x400
                0x00000400                __SIGNATURE_REGION_LENGTH__ = DEFINED (__SIGNATURE_REGION_LENGTH__)?__SIGNATURE_REGION_LENGTH__:0x400
                0x00000400                __USER_SIGNATURE_REGION_LENGTH__ = DEFINED (__USER_SIGNATURE_REGION_LENGTH__)?__USER_SIGNATURE_REGION_LENGTH__:0x400

.hash
 *(.hash)

.dynsym
 *(.dynsym)

.dynstr
 *(.dynstr)

.gnu.version
 *(.gnu.version)

.gnu.version_d
 *(.gnu.version_d)

.gnu.version_r
 *(.gnu.version_r)

.rel.init
 *(.rel.init)

.rela.init
 *(.rela.init)

.rel.text
 *(.rel.text)
 *(.rel.text.*)
 *(.rel.gnu.linkonce.t*)

.rela.text
 *(.rela.text)
 *(.rela.text.*)
 *(.rela.gnu.linkonce.t*)

.rel.fini
 *(.rel.fini)

.rela.fini
 *(.rela.fini)

.rel.rodata
 *(.rel.rodata)
 *(.rel.rodata.*)
 *(.rel.gnu.linkonce.r*)

.rela.rodata
 *(.rela.rodata)
 *(.rela.rodata.*)
 *(.rela.gnu.linkonce.r*)

.rel.data
 *(.rel.data)
 *(.rel.data.*)
 *(.rel.gnu.linkonce.d*)

.rela.data
 *(.rela.data)
 *(.rela.data.*)
 *(.rela.gnu.linkonce.d*)

.rel.ctors
 *(.rel.ctors)

.rela.ctors
 *(.rela.ctors)

.rel.dtors
 *(.rel.dtors)

.rela.dtors
 *(.rela.dtors)

.rel.got
 *(.rel.got)

.rela.got
 *(.rela.got)

.rel.bss
 *(.rel.bss)

.rela.bss
 *(.rela.bss)

.rel.plt
 *(.rel.plt)

.rela.plt
 *(.rela.plt)

.text           0x00000000      0xeec
 *(.vectors)
 .vectors       0x00000000       0x94 C:/Program Files (x86)/Atmel/Studio/7.0/Packs/atmel/ATmega_DFP/1.2.209/gcc/dev/at90can128/avr51/crtat90can128.o
                0x00000000                __vector_default
                0x00000000                __vectors
 *(.vectors)
 *(.progmem.gcc*)
 .progmem.gcc_sw_table.large_number
                0x00000094        0xe display_data.o
                0x000000a2                . = ALIGN (0x2)
                0x000000a2                __trampolines_start = .
 *(.trampolines)
 .trampolines   0x000000a2        0x0 linker stubs
 *(.trampolines*)
                0x000000a2                __trampolines_end = .
 *libprintf_flt.a:*(.progmem.data)
 *libc.a:*(.progmem.data)
 *(.progmem*)
                0x000000a2                . = ALIGN (0x2)
 *(.jumptables)
 *(.jumptables*)
 *(.lowtext)
 *(.lowtext*)
                0x000000a2                __ctors_start = .
 *(.ctors)
                0x000000a2                __ctors_end = .
                0x000000a2                __dtors_start = .
 *(.dtors)
                0x000000a2                __dtors_end = .
 SORT(*)(.ctors)
 SORT(*)(.dtors)
 *(.init0)
 .init0         0x000000a2        0x0 C:/Program Files (x86)/Atmel/Studio/7.0/Packs/atmel/ATmega_DFP/1.2.209/gcc/dev/at90can128/avr51/crtat90can128.o
                0x000000a2                __init
 *(.init0)
 *(.init1)
 *(.init1)
 *(.init2)
 .init2         0x000000a2        0xc C:/Program Files (x86)/Atmel/Studio/7.0/Packs/atmel/ATmega_DFP/1.2.209/gcc/dev/at90can128/avr51/crtat90can128.o
 *(.init2)
 *(.init3)
 *(.init3)
 *(.init4)
 .init4         0x000000ae       0x1a c:/program files (x86)/atmel/studio/7.0/toolchain/avr8/avr8-gnu-toolchain/bin/../lib/gcc/avr/5.4.0/avr51\libgcc.a(_copy_data.o)
                0x000000ae                __do_copy_data
 .init4         0x000000c8       0x10 c:/program files (x86)/atmel/studio/7.0/toolchain/avr8/avr8-gnu-toolchain/bin/../lib/gcc/avr/5.4.0/avr51\libgcc.a(_clear_bss.o)
                0x000000c8                __do_clear_bss
 *(.init4)
 *(.init5)
 *(.init5)
 *(.init6)
 *(.init6)
 *(.init7)
 *(.init7)
 *(.init8)
 *(.init8)
 *(.init9)
 .init9         0x000000d8        0x4 C:/Program Files (x86)/Atmel/Studio/7.0/Packs/atmel/ATmega_DFP/1.2.209/gcc/dev/at90can128/avr51/crtat90can128.o
 *(.init9)
 *(.text)
 .text          0x000000dc        0x2 C:/Program Files (x86)/Atmel/Studio/7.0/Packs/atmel/ATmega_DFP/1.2.209/gcc/dev/at90can128/avr51/crtat90can128.o
                0x000000dc                __vector_22
                0x000000dc                __vector_28
                0x000000dc                __vector_1
                0x000000dc                __vector_32
                0x000000dc                __vector_34
                0x000000dc                __vector_24
                0x000000dc                __vector_12
                0x000000dc                __bad_interrupt
                0x000000dc                __vector_6
                0x000000dc                __vector_31
                0x000000dc                __vector_35
                0x000000dc                __vector_3
                0x000000dc                __vector_23
                0x000000dc                __vector_30
                0x000000dc                __vector_25
                0x000000dc                __vector_11
                0x000000dc                __vector_13
                0x000000dc                __vector_17
                0x000000dc                __vector_19
                0x000000dc                __vector_7
                0x000000dc                __vector_27
                0x000000dc                __vector_5
                0x000000dc                __vector_33
                0x000000dc                __vector_4
                0x000000dc                __vector_9
                0x000000dc                __vector_2
                0x000000dc                __vector_21
                0x000000dc                __vector_15
                0x000000dc                __vector_36
                0x000000dc                __vector_29
                0x000000dc                __vector_8
                0x000000dc                __vector_26
                0x000000dc                __vector_14
                0x000000dc                __vector_10
                0x000000dc                __vector_18
                0x000000dc                __vector_20
                0x000000de                . = ALIGN (0x2)
 *(.text.*)
 .text.can_init_messages
                0x000000de       0xe0 CAN_Data.o
                0x000000de                can_init_messages
 .text.CAN_recieve
                0x000001be       0xda CAN_Data.o
                0x000001be                CAN_recieve
 .text.Port_init
                0x00000298       0x14 generic.o
                0x00000298                Port_init
 .text.sys_timer_config
                0x000002ac       0x10 generic.o
                0x000002ac                sys_timer_config
 .text.can_check_free
                0x000002bc       0x3e canlib.o
                0x000002bc                can_check_free
 .text.can_cfg  0x000002fa      0x116 canlib.o
                0x000002fa                can_cfg
 .text.can_rx   0x00000410       0xba canlib.o
                0x00000410                can_rx
 .text.large_number
                0x000004ca      0x288 display_data.o
                0x000004ca                large_number
 .text.num_to_digit
                0x00000752      0x12a display_data.o
                0x00000752                num_to_digit
 .text.dsp_arrayinit
                0x0000087c      0x178 display_data.o
                0x0000087c                dsp_arrayinit
 .text.LED_RPM_Bar
                0x000009f4       0x66 display_functions.o
                0x000009f4                LED_RPM_Bar
 .text.dsp_writedata
                0x00000a5a       0x1a display_functions.o
                0x00000a5a                dsp_writedata
 .text.dsp_customchar
                0x00000a74       0x76 display_functions.o
                0x00000a74                dsp_customchar
 .text.dsp_write
                0x00000aea       0x68 display_functions.o
                0x00000aea                dsp_write
 .text.dsp_definechars
                0x00000b52      0x106 display_functions.o
                0x00000b52                dsp_definechars
 .text.dsp_init
                0x00000c58       0x26 display_functions.o
                0x00000c58                dsp_init
 .text.__vector_16
                0x00000c7e       0x5a main.o
                0x00000c7e                __vector_16
 .text.main     0x00000cd8      0x1b8 main.o
                0x00000cd8                main
 .text.libgcc.div
                0x00000e90       0x28 c:/program files (x86)/atmel/studio/7.0/toolchain/avr8/avr8-gnu-toolchain/bin/../lib/gcc/avr/5.4.0/avr51\libgcc.a(_udivmodhi4.o)
                0x00000e90                __udivmodhi4
 .text.libgcc   0x00000eb8       0x12 c:/program files (x86)/atmel/studio/7.0/toolchain/avr8/avr8-gnu-toolchain/bin/../lib/gcc/avr/5.4.0/avr51\libgcc.a(_tablejump2.o)
                0x00000eb8                __tablejump2__
 .text.libgcc.mul
                0x00000eca       0x1e c:/program files (x86)/atmel/studio/7.0/toolchain/avr8/avr8-gnu-toolchain/bin/../lib/gcc/avr/5.4.0/avr51\libgcc.a(_umulhisi3.o)
                0x00000eca                __umulhisi3
                0x00000ee8                . = ALIGN (0x2)
 *(.fini9)
 .fini9         0x00000ee8        0x0 c:/program files (x86)/atmel/studio/7.0/toolchain/avr8/avr8-gnu-toolchain/bin/../lib/gcc/avr/5.4.0/avr51\libgcc.a(_exit.o)
                0x00000ee8                _exit
                0x00000ee8                exit
 *(.fini9)
 *(.fini8)
 *(.fini8)
 *(.fini7)
 *(.fini7)
 *(.fini6)
 *(.fini6)
 *(.fini5)
 *(.fini5)
 *(.fini4)
 *(.fini4)
 *(.fini3)
 *(.fini3)
 *(.fini2)
 *(.fini2)
 *(.fini1)
 *(.fini1)
 *(.fini0)
 .fini0         0x00000ee8        0x4 c:/program files (x86)/atmel/studio/7.0/toolchain/avr8/avr8-gnu-toolchain/bin/../lib/gcc/avr/5.4.0/avr51\libgcc.a(_exit.o)
 *(.fini0)
                0x00000eec                _etext = .

.data           0x00800100        0xe load address 0x00000eec
                0x00800100                PROVIDE (__data_start, .)
 *(.data)
 *(.data*)
 .data.dsp_line
                0x00800100        0x4 display_functions.o
                0x00800100                dsp_line
 .data.dsp_command
                0x00800104        0x7 display_functions.o
                0x00800104                dsp_command
 .data.draw_data
                0x0080010b        0x1 main.o
                0x0080010b                draw_data
 .data.update_data
                0x0080010c        0x1 main.o
                0x0080010c                update_data
 .data.dsp_mde  0x0080010d        0x1 main.o
                0x0080010d                dsp_mde
 *(.gnu.linkonce.d*)
 *(.rodata)
 *(.rodata*)
 *(.gnu.linkonce.r*)
                0x0080010e                . = ALIGN (0x2)
                0x0080010e                _edata = .
                0x0080010e                PROVIDE (__data_end, .)

.bss            0x0080010e      0x1fe
                0x0080010e                PROVIDE (__bss_start, .)
 *(.bss)
 *(.bss*)
 .bss.ECUVoltage
                0x0080010e        0x1 CAN_Data.o
                0x0080010e                ECUVoltage
 .bss.Clutchtime
                0x0080010f        0x1 CAN_Data.o
                0x0080010f                Clutchtime
 .bss.BrakeBias
                0x00800110        0x1 CAN_Data.o
                0x00800110                BrakeBias
 .bss.OILT      0x00800111        0x1 CAN_Data.o
                0x00800111                OILT
 .bss.OILP      0x00800112        0x1 CAN_Data.o
                0x00800112                OILP
 .bss.CLT       0x00800113        0x1 CAN_Data.o
                0x00800113                CLT
 .bss.gear      0x00800114        0x1 CAN_Data.o
                0x00800114                gear
 .bss.rpm       0x00800115        0x2 CAN_Data.o
                0x00800115                rpm
 .bss.Rotary_Encoder_Left
                0x00800117        0x1 CAN_Data.o
                0x00800117                Rotary_Encoder_Left
 .bss.Rotary_Encoder_Right
                0x00800118        0x1 CAN_Data.o
                0x00800118                Rotary_Encoder_Right
 .bss.LED_active
                0x00800119        0x1 display_functions.o
                0x00800119                LED_active
 .bss.RPM_divider
                0x0080011a        0x2 display_functions.o
                0x0080011a                RPM_divider
 .bss.dsp_linecounter
                0x0080011c        0x1 display_functions.o
                0x0080011c                dsp_linecounter
 .bss.counter   0x0080011d        0x1 display_functions.o
                0x0080011d                counter
 .bss.sys_time  0x0080011e        0x4 main.o
                0x0080011e                sys_time
 .bss.time_100  0x00800122        0x1 main.o
                0x00800122                time_100
 *(COMMON)
 COMMON         0x00800123       0x8f CAN_Data.o
                0x00800123                Logger1_databytes
                0x0080012b                can_Logger2_mob
                0x00800130                Logger2_databytes
                0x00800138                CMC_databytes
                0x00800140                can_ecu0_mob
                0x00800145                can_SHR0_mob
                0x0080014a                can_CMC_mob
                0x0080014f                can_SHL0_mob
                0x00800154                SHR0_databytes
                0x0080015c                can_Logger1_mob
                0x00800161                SHL0_databytes
                0x00800169                can_Logger0_mob
                0x0080016e                ecu2_databytes
                0x00800176                ETC_databytes
                0x0080017e                can_ecu2_mob
                0x00800183                Logger0_databytes
                0x0080018b                can_SWC_mob
                0x00800190                can_ETC_mob
                0x00800195                ecu0_databytes
                0x0080019d                SWC_databytes
                0x008001a5                ecu4_databytes
                0x008001ad                can_ecu4_mob
 COMMON         0x008001b2      0x140 display_data.o
                0x008001b2                dsp_data
 COMMON         0x008002f2       0x1a display_functions.o
                0x008002f2                RPM_LED_Register
                0x008002f4                rpm_ranges
                0x0080030c                PROVIDE (__bss_end, .)
                0x00000eec                __data_load_start = LOADADDR (.data)
                0x00000efa                __data_load_end = (__data_load_start + SIZEOF (.data))

.noinit         0x0080030c        0x0
                [!provide]                PROVIDE (__noinit_start, .)
 *(.noinit*)
                [!provide]                PROVIDE (__noinit_end, .)
                0x0080030c                _end = .
                [!provide]                PROVIDE (__heap_start, .)

.eeprom         0x00810000        0x0
 *(.eeprom*)
                0x00810000                __eeprom_end = .

.fuse
 *(.fuse)
 *(.lfuse)
 *(.hfuse)
 *(.efuse)

.lock
 *(.lock*)

.signature
 *(.signature*)

.user_signatures
 *(.user_signatures*)

.stab
 *(.stab)

.stabstr
 *(.stabstr)

.stab.excl
 *(.stab.excl)

.stab.exclstr
 *(.stab.exclstr)

.stab.index
 *(.stab.index)

.stab.indexstr
 *(.stab.indexstr)

.comment        0x00000000       0x30
 *(.comment)
 .comment       0x00000000       0x30 CAN_Data.o
                                 0x31 (size before relaxing)
 .comment       0x00000030       0x31 generic.o
 .comment       0x00000030       0x31 canlib.o
 .comment       0x00000030       0x31 display_data.o
 .comment       0x00000030       0x31 display_functions.o
 .comment       0x00000030       0x31 main.o

.note.gnu.avr.deviceinfo
                0x00000000       0x40
 .note.gnu.avr.deviceinfo
                0x00000000       0x40 C:/Program Files (x86)/Atmel/Studio/7.0/Packs/atmel/ATmega_DFP/1.2.209/gcc/dev/at90can128/avr51/crtat90can128.o

.note.gnu.build-id
 *(.note.gnu.build-id)

.debug
 *(.debug)

.line
 *(.line)

.debug_srcinfo
 *(.debug_srcinfo)

.debug_sfnames
 *(.debug_sfnames)

.debug_aranges  0x00000000      0x128
 *(.debug_aranges)
 .debug_aranges
                0x00000000       0x28 CAN_Data.o
 .debug_aranges
                0x00000028       0x28 generic.o
 .debug_aranges
                0x00000050       0x38 canlib.o
 .debug_aranges
                0x00000088       0x30 display_data.o
 .debug_aranges
                0x000000b8       0x48 display_functions.o
 .debug_aranges
                0x00000100       0x28 main.o

.debug_pubnames
 *(.debug_pubnames)

.debug_info     0x00000000     0x1eca
 *(.debug_info .gnu.linkonce.wi.*)
 .debug_info    0x00000000      0xa2d C:/Program Files (x86)/Atmel/Studio/7.0/Packs/atmel/ATmega_DFP/1.2.209/gcc/dev/at90can128/avr51/crtat90can128.o
 .debug_info    0x00000a2d      0x519 CAN_Data.o
 .debug_info    0x00000f46       0x98 generic.o
 .debug_info    0x00000fde      0x1f6 canlib.o
 .debug_info    0x000011d4      0x1df display_data.o
 .debug_info    0x000013b3      0x5ea display_functions.o
 .debug_info    0x0000199d      0x52d main.o

.debug_abbrev   0x00000000      0xf56
 *(.debug_abbrev)
 .debug_abbrev  0x00000000      0x9a0 C:/Program Files (x86)/Atmel/Studio/7.0/Packs/atmel/ATmega_DFP/1.2.209/gcc/dev/at90can128/avr51/crtat90can128.o
 .debug_abbrev  0x000009a0      0x100 CAN_Data.o
 .debug_abbrev  0x00000aa0       0x67 generic.o
 .debug_abbrev  0x00000b07      0x122 canlib.o
 .debug_abbrev  0x00000c29       0xbb display_data.o
 .debug_abbrev  0x00000ce4      0x149 display_functions.o
 .debug_abbrev  0x00000e2d      0x129 main.o

.debug_line     0x00000000     0x1146
 *(.debug_line .debug_line.* .debug_line_end)
 .debug_line    0x00000000      0x175 C:/Program Files (x86)/Atmel/Studio/7.0/Packs/atmel/ATmega_DFP/1.2.209/gcc/dev/at90can128/avr51/crtat90can128.o
 .debug_line    0x00000175      0x248 CAN_Data.o
 .debug_line    0x000003bd       0xea generic.o
 .debug_line    0x000004a7      0x2de canlib.o
 .debug_line    0x00000785      0x58d display_data.o
 .debug_line    0x00000d12      0x225 display_functions.o
 .debug_line    0x00000f37      0x20f main.o

.debug_frame    0x00000000      0x314
 *(.debug_frame)
 .debug_frame   0x00000000       0x34 CAN_Data.o
 .debug_frame   0x00000034       0x34 generic.o
 .debug_frame   0x00000068       0xcc canlib.o
 .debug_frame   0x00000134       0xb0 display_data.o
 .debug_frame   0x000001e4       0xdc display_functions.o
 .debug_frame   0x000002c0       0x54 main.o

.debug_str      0x00000000      0x91c
 *(.debug_str)
 .debug_str     0x00000000      0x39f C:/Program Files (x86)/Atmel/Studio/7.0/Packs/atmel/ATmega_DFP/1.2.209/gcc/dev/at90can128/avr51/crtat90can128.o
 .debug_str     0x0000039f      0x342 CAN_Data.o
                                0x376 (size before relaxing)
 .debug_str     0x000006e1       0x2a generic.o
                                0x194 (size before relaxing)
 .debug_str     0x0000070b       0x56 canlib.o
                                0x1fa (size before relaxing)
 .debug_str     0x00000761       0x7c display_data.o
                                0x205 (size before relaxing)
 .debug_str     0x000007dd       0xfa display_functions.o
                                0x295 (size before relaxing)
 .debug_str     0x000008d7       0x45 main.o
                                0x290 (size before relaxing)

.debug_loc      0x00000000      0xb24
 *(.debug_loc)
 .debug_loc     0x00000000      0x33e canlib.o
 .debug_loc     0x0000033e      0x435 display_data.o
 .debug_loc     0x00000773      0x34e display_functions.o
 .debug_loc     0x00000ac1       0x63 main.o

.debug_macinfo
 *(.debug_macinfo)

.debug_weaknames
 *(.debug_weaknames)

.debug_funcnames
 *(.debug_funcnames)

.debug_typenames
 *(.debug_typenames)

.debug_varnames
 *(.debug_varnames)

.debug_pubtypes
 *(.debug_pubtypes)

.debug_ranges   0x00000000      0x110
 *(.debug_ranges)
 .debug_ranges  0x00000000       0x18 CAN_Data.o
 .debug_ranges  0x00000018       0x18 generic.o
 .debug_ranges  0x00000030       0x58 canlib.o
 .debug_ranges  0x00000088       0x20 display_data.o
 .debug_ranges  0x000000a8       0x38 display_functions.o
 .debug_ranges  0x000000e0       0x30 main.o

.debug_macro
 *(.debug_macro)
OUTPUT(dic.elf elf32-avr)
LOAD linker stubs
