Archive member included to satisfy reference by file (symbol)

c:/program files (x86)/atmel/studio/7.0/toolchain/avr8/avr8-gnu-toolchain/bin/../lib/gcc/avr/5.4.0/../../../../avr/lib/avr51\libm.a(divsf3.o)
                              display_data.o (__divsf3)
c:/program files (x86)/atmel/studio/7.0/toolchain/avr8/avr8-gnu-toolchain/bin/../lib/gcc/avr/5.4.0/../../../../avr/lib/avr51\libm.a(divsf3x.o)
                              c:/program files (x86)/atmel/studio/7.0/toolchain/avr8/avr8-gnu-toolchain/bin/../lib/gcc/avr/5.4.0/../../../../avr/lib/avr51\libm.a(divsf3.o) (__divsf3x)
c:/program files (x86)/atmel/studio/7.0/toolchain/avr8/avr8-gnu-toolchain/bin/../lib/gcc/avr/5.4.0/../../../../avr/lib/avr51\libm.a(fixunssfsi.o)
                              display_data.o (__fixunssfsi)
c:/program files (x86)/atmel/studio/7.0/toolchain/avr8/avr8-gnu-toolchain/bin/../lib/gcc/avr/5.4.0/../../../../avr/lib/avr51\libm.a(floatsisf.o)
                              display_data.o (__floatsisf)
c:/program files (x86)/atmel/studio/7.0/toolchain/avr8/avr8-gnu-toolchain/bin/../lib/gcc/avr/5.4.0/../../../../avr/lib/avr51\libm.a(fp_inf.o)
                              c:/program files (x86)/atmel/studio/7.0/toolchain/avr8/avr8-gnu-toolchain/bin/../lib/gcc/avr/5.4.0/../../../../avr/lib/avr51\libm.a(divsf3x.o) (__fp_inf)
c:/program files (x86)/atmel/studio/7.0/toolchain/avr8/avr8-gnu-toolchain/bin/../lib/gcc/avr/5.4.0/../../../../avr/lib/avr51\libm.a(fp_nan.o)
                              c:/program files (x86)/atmel/studio/7.0/toolchain/avr8/avr8-gnu-toolchain/bin/../lib/gcc/avr/5.4.0/../../../../avr/lib/avr51\libm.a(divsf3x.o) (__fp_nan)
c:/program files (x86)/atmel/studio/7.0/toolchain/avr8/avr8-gnu-toolchain/bin/../lib/gcc/avr/5.4.0/../../../../avr/lib/avr51\libm.a(fp_pscA.o)
                              c:/program files (x86)/atmel/studio/7.0/toolchain/avr8/avr8-gnu-toolchain/bin/../lib/gcc/avr/5.4.0/../../../../avr/lib/avr51\libm.a(divsf3x.o) (__fp_pscA)
c:/program files (x86)/atmel/studio/7.0/toolchain/avr8/avr8-gnu-toolchain/bin/../lib/gcc/avr/5.4.0/../../../../avr/lib/avr51\libm.a(fp_pscB.o)
                              c:/program files (x86)/atmel/studio/7.0/toolchain/avr8/avr8-gnu-toolchain/bin/../lib/gcc/avr/5.4.0/../../../../avr/lib/avr51\libm.a(divsf3x.o) (__fp_pscB)
c:/program files (x86)/atmel/studio/7.0/toolchain/avr8/avr8-gnu-toolchain/bin/../lib/gcc/avr/5.4.0/../../../../avr/lib/avr51\libm.a(fp_round.o)
                              c:/program files (x86)/atmel/studio/7.0/toolchain/avr8/avr8-gnu-toolchain/bin/../lib/gcc/avr/5.4.0/../../../../avr/lib/avr51\libm.a(divsf3.o) (__fp_round)
c:/program files (x86)/atmel/studio/7.0/toolchain/avr8/avr8-gnu-toolchain/bin/../lib/gcc/avr/5.4.0/../../../../avr/lib/avr51\libm.a(fp_split3.o)
                              c:/program files (x86)/atmel/studio/7.0/toolchain/avr8/avr8-gnu-toolchain/bin/../lib/gcc/avr/5.4.0/../../../../avr/lib/avr51\libm.a(divsf3x.o) (__fp_split3)
c:/program files (x86)/atmel/studio/7.0/toolchain/avr8/avr8-gnu-toolchain/bin/../lib/gcc/avr/5.4.0/../../../../avr/lib/avr51\libm.a(fp_zero.o)
                              c:/program files (x86)/atmel/studio/7.0/toolchain/avr8/avr8-gnu-toolchain/bin/../lib/gcc/avr/5.4.0/../../../../avr/lib/avr51\libm.a(fixunssfsi.o) (__fp_zero)
c:/program files (x86)/atmel/studio/7.0/toolchain/avr8/avr8-gnu-toolchain/bin/../lib/gcc/avr/5.4.0/../../../../avr/lib/avr51\libm.a(mulsf3.o)
                              display_data.o (__mulsf3)
c:/program files (x86)/atmel/studio/7.0/toolchain/avr8/avr8-gnu-toolchain/bin/../lib/gcc/avr/5.4.0/../../../../avr/lib/avr51\libm.a(mulsf3x.o)
                              c:/program files (x86)/atmel/studio/7.0/toolchain/avr8/avr8-gnu-toolchain/bin/../lib/gcc/avr/5.4.0/../../../../avr/lib/avr51\libm.a(mulsf3.o) (__mulsf3x)
c:/program files (x86)/atmel/studio/7.0/toolchain/avr8/avr8-gnu-toolchain/bin/../lib/gcc/avr/5.4.0/avr51\libgcc.a(_udivmodhi4.o)
                              display_functions.o (__udivmodhi4)
c:/program files (x86)/atmel/studio/7.0/toolchain/avr8/avr8-gnu-toolchain/bin/../lib/gcc/avr/5.4.0/avr51\libgcc.a(_divmodhi4.o)
                              CAN_Data.o (__divmodhi4)
c:/program files (x86)/atmel/studio/7.0/toolchain/avr8/avr8-gnu-toolchain/bin/../lib/gcc/avr/5.4.0/avr51\libgcc.a(_udivmodsi4.o)
                              display_data.o (__udivmodsi4)
c:/program files (x86)/atmel/studio/7.0/toolchain/avr8/avr8-gnu-toolchain/bin/../lib/gcc/avr/5.4.0/avr51\libgcc.a(_exit.o)
                              C:/Program Files (x86)/Atmel/Studio/7.0/Packs/atmel/ATmega_DFP/1.2.209/gcc/dev/at90can128/avr51/crtat90can128.o (exit)
c:/program files (x86)/atmel/studio/7.0/toolchain/avr8/avr8-gnu-toolchain/bin/../lib/gcc/avr/5.4.0/avr51\libgcc.a(_tablejump2.o)
                              display_data.o (__tablejump2__)
c:/program files (x86)/atmel/studio/7.0/toolchain/avr8/avr8-gnu-toolchain/bin/../lib/gcc/avr/5.4.0/avr51\libgcc.a(_copy_data.o)
                              display_functions.o (__do_copy_data)
c:/program files (x86)/atmel/studio/7.0/toolchain/avr8/avr8-gnu-toolchain/bin/../lib/gcc/avr/5.4.0/avr51\libgcc.a(_clear_bss.o)
                              CAN_Data.o (__do_clear_bss)
c:/program files (x86)/atmel/studio/7.0/toolchain/avr8/avr8-gnu-toolchain/bin/../lib/gcc/avr/5.4.0/avr51\libgcc.a(_umulhisi3.o)
                              display_data.o (__umulhisi3)
c:/program files (x86)/atmel/studio/7.0/toolchain/avr8/avr8-gnu-toolchain/bin/../lib/gcc/avr/5.4.0/../../../../avr/lib/avr51\libc.a(strlen.o)
                              display_data.o (strlen)

Allocating common symbols
Common symbol       size              file

Logger1_databytes   0x8               CAN_Data.o
can_Logger2_mob     0x5               CAN_Data.o
Logger2_databytes   0x8               CAN_Data.o
DIC0_databytes      0x8               CAN_Data.o
AMS1_databytes      0x8               CAN_Data.o
can_Fusebox0_mob    0x5               CAN_Data.o
AMS2_databytes      0x8               CAN_Data.o
can_SHR0_mob        0x5               CAN_Data.o
can_AMS3_mob        0x5               CAN_Data.o
AMS0_databytes      0x8               CAN_Data.o
can_SHL0_mob        0x5               CAN_Data.o
SHR0_databytes      0x8               CAN_Data.o
can_Logger1_mob     0x5               CAN_Data.o
SHL0_databytes      0x8               CAN_Data.o
can_Fusebox1_mob    0x5               CAN_Data.o
SHB0_databytes      0x8               CAN_Data.o
can_Logger0_mob     0x5               CAN_Data.o
dsp_data            0x140             display_data.o
can_AMS1_mob        0x5               CAN_Data.o
AMS3_databytes      0x8               CAN_Data.o
Fusebox1_databytes  0x8               CAN_Data.o
Fusebox0_databytes  0x8               CAN_Data.o
Logger0_databytes   0x8               CAN_Data.o
can_SWC_mob         0x5               CAN_Data.o
can_SHB0_mob        0x5               CAN_Data.o
SWC_databytes       0x8               CAN_Data.o
can_AMS2_mob        0x5               CAN_Data.o
can_DIC0_mob        0x5               CAN_Data.o
current_msg         0x4               portextender.o
can_AMS0_mob        0x5               CAN_Data.o

Discarded input sections

 .data          0x00000000        0x0 C:/Program Files (x86)/Atmel/Studio/7.0/Packs/atmel/ATmega_DFP/1.2.209/gcc/dev/at90can128/avr51/crtat90can128.o
 .bss           0x00000000        0x0 C:/Program Files (x86)/Atmel/Studio/7.0/Packs/atmel/ATmega_DFP/1.2.209/gcc/dev/at90can128/avr51/crtat90can128.o
 .text          0x00000000        0x0 canlib.o
 .data          0x00000000        0x0 canlib.o
 .bss           0x00000000        0x0 canlib.o
 .text          0x00000000        0x0 CAN_Data.o
 .data          0x00000000        0x0 CAN_Data.o
 .bss           0x00000000        0x0 CAN_Data.o
 .bss.INV1Voltage
                0x00000000        0x2 CAN_Data.o
 .bss.INV2Voltage
                0x00000000        0x2 CAN_Data.o
 .text          0x00000000        0x0 display_data.o
 .data          0x00000000        0x0 display_data.o
 .bss           0x00000000        0x0 display_data.o
 .text.large_number
                0x00000000     0x167c display_data.o
 .progmem.gcc_sw_table.large_number
                0x00000000       0x16 display_data.o
 .text          0x00000000        0x0 display_functions.o
 .data          0x00000000        0x0 display_functions.o
 .bss           0x00000000        0x0 display_functions.o
 .text.led_top_left_bar
                0x00000000       0x8a display_functions.o
 .text.led_top_right_bar
                0x00000000       0x98 display_functions.o
 .text          0x00000000        0x0 error.o
 .data          0x00000000        0x0 error.o
 .bss           0x00000000        0x0 error.o
 .text          0x00000000        0x0 main.o
 .data          0x00000000        0x0 main.o
 .bss           0x00000000        0x0 main.o
 .text          0x00000000        0x0 portextender.o
 .data          0x00000000        0x0 portextender.o
 .bss           0x00000000        0x0 portextender.o
 .text.configure_spi_bus
                0x00000000       0x98 portextender.o
 .text.spi_free
                0x00000000       0x1c portextender.o
 .text.send_data
                0x00000000       0xa8 portextender.o
 .text.send_data_blocking
                0x00000000       0x50 portextender.o
 .text.extender_leds
                0x00000000       0x2a portextender.o
 .text.extender_leds_blocking
                0x00000000       0x2a portextender.o
 .text.configure_portextenders
                0x00000000       0x40 portextender.o
 .text.pre_defined_led_colors
                0x00000000       0xc0 portextender.o
 .progmem.gcc_sw_table.pre_defined_led_colors
                0x00000000        0xe portextender.o
 .text          0x00000000        0x0 system_config.o
 .data          0x00000000        0x0 system_config.o
 .bss           0x00000000        0x0 system_config.o
 .text          0x00000000        0x0 c:/program files (x86)/atmel/studio/7.0/toolchain/avr8/avr8-gnu-toolchain/bin/../lib/gcc/avr/5.4.0/../../../../avr/lib/avr51\libm.a(divsf3.o)
 .data          0x00000000        0x0 c:/program files (x86)/atmel/studio/7.0/toolchain/avr8/avr8-gnu-toolchain/bin/../lib/gcc/avr/5.4.0/../../../../avr/lib/avr51\libm.a(divsf3.o)
 .bss           0x00000000        0x0 c:/program files (x86)/atmel/studio/7.0/toolchain/avr8/avr8-gnu-toolchain/bin/../lib/gcc/avr/5.4.0/../../../../avr/lib/avr51\libm.a(divsf3.o)
 .text          0x00000000        0x0 c:/program files (x86)/atmel/studio/7.0/toolchain/avr8/avr8-gnu-toolchain/bin/../lib/gcc/avr/5.4.0/../../../../avr/lib/avr51\libm.a(divsf3x.o)
 .data          0x00000000        0x0 c:/program files (x86)/atmel/studio/7.0/toolchain/avr8/avr8-gnu-toolchain/bin/../lib/gcc/avr/5.4.0/../../../../avr/lib/avr51\libm.a(divsf3x.o)
 .bss           0x00000000        0x0 c:/program files (x86)/atmel/studio/7.0/toolchain/avr8/avr8-gnu-toolchain/bin/../lib/gcc/avr/5.4.0/../../../../avr/lib/avr51\libm.a(divsf3x.o)
 .text          0x00000000        0x0 c:/program files (x86)/atmel/studio/7.0/toolchain/avr8/avr8-gnu-toolchain/bin/../lib/gcc/avr/5.4.0/../../../../avr/lib/avr51\libm.a(fixunssfsi.o)
 .data          0x00000000        0x0 c:/program files (x86)/atmel/studio/7.0/toolchain/avr8/avr8-gnu-toolchain/bin/../lib/gcc/avr/5.4.0/../../../../avr/lib/avr51\libm.a(fixunssfsi.o)
 .bss           0x00000000        0x0 c:/program files (x86)/atmel/studio/7.0/toolchain/avr8/avr8-gnu-toolchain/bin/../lib/gcc/avr/5.4.0/../../../../avr/lib/avr51\libm.a(fixunssfsi.o)
 .text          0x00000000        0x0 c:/program files (x86)/atmel/studio/7.0/toolchain/avr8/avr8-gnu-toolchain/bin/../lib/gcc/avr/5.4.0/../../../../avr/lib/avr51\libm.a(floatsisf.o)
 .data          0x00000000        0x0 c:/program files (x86)/atmel/studio/7.0/toolchain/avr8/avr8-gnu-toolchain/bin/../lib/gcc/avr/5.4.0/../../../../avr/lib/avr51\libm.a(floatsisf.o)
 .bss           0x00000000        0x0 c:/program files (x86)/atmel/studio/7.0/toolchain/avr8/avr8-gnu-toolchain/bin/../lib/gcc/avr/5.4.0/../../../../avr/lib/avr51\libm.a(floatsisf.o)
 .text          0x00000000        0x0 c:/program files (x86)/atmel/studio/7.0/toolchain/avr8/avr8-gnu-toolchain/bin/../lib/gcc/avr/5.4.0/../../../../avr/lib/avr51\libm.a(fp_inf.o)
 .data          0x00000000        0x0 c:/program files (x86)/atmel/studio/7.0/toolchain/avr8/avr8-gnu-toolchain/bin/../lib/gcc/avr/5.4.0/../../../../avr/lib/avr51\libm.a(fp_inf.o)
 .bss           0x00000000        0x0 c:/program files (x86)/atmel/studio/7.0/toolchain/avr8/avr8-gnu-toolchain/bin/../lib/gcc/avr/5.4.0/../../../../avr/lib/avr51\libm.a(fp_inf.o)
 .text          0x00000000        0x0 c:/program files (x86)/atmel/studio/7.0/toolchain/avr8/avr8-gnu-toolchain/bin/../lib/gcc/avr/5.4.0/../../../../avr/lib/avr51\libm.a(fp_nan.o)
 .data          0x00000000        0x0 c:/program files (x86)/atmel/studio/7.0/toolchain/avr8/avr8-gnu-toolchain/bin/../lib/gcc/avr/5.4.0/../../../../avr/lib/avr51\libm.a(fp_nan.o)
 .bss           0x00000000        0x0 c:/program files (x86)/atmel/studio/7.0/toolchain/avr8/avr8-gnu-toolchain/bin/../lib/gcc/avr/5.4.0/../../../../avr/lib/avr51\libm.a(fp_nan.o)
 .text          0x00000000        0x0 c:/program files (x86)/atmel/studio/7.0/toolchain/avr8/avr8-gnu-toolchain/bin/../lib/gcc/avr/5.4.0/../../../../avr/lib/avr51\libm.a(fp_pscA.o)
 .data          0x00000000        0x0 c:/program files (x86)/atmel/studio/7.0/toolchain/avr8/avr8-gnu-toolchain/bin/../lib/gcc/avr/5.4.0/../../../../avr/lib/avr51\libm.a(fp_pscA.o)
 .bss           0x00000000        0x0 c:/program files (x86)/atmel/studio/7.0/toolchain/avr8/avr8-gnu-toolchain/bin/../lib/gcc/avr/5.4.0/../../../../avr/lib/avr51\libm.a(fp_pscA.o)
 .text          0x00000000        0x0 c:/program files (x86)/atmel/studio/7.0/toolchain/avr8/avr8-gnu-toolchain/bin/../lib/gcc/avr/5.4.0/../../../../avr/lib/avr51\libm.a(fp_pscB.o)
 .data          0x00000000        0x0 c:/program files (x86)/atmel/studio/7.0/toolchain/avr8/avr8-gnu-toolchain/bin/../lib/gcc/avr/5.4.0/../../../../avr/lib/avr51\libm.a(fp_pscB.o)
 .bss           0x00000000        0x0 c:/program files (x86)/atmel/studio/7.0/toolchain/avr8/avr8-gnu-toolchain/bin/../lib/gcc/avr/5.4.0/../../../../avr/lib/avr51\libm.a(fp_pscB.o)
 .text          0x00000000        0x0 c:/program files (x86)/atmel/studio/7.0/toolchain/avr8/avr8-gnu-toolchain/bin/../lib/gcc/avr/5.4.0/../../../../avr/lib/avr51\libm.a(fp_round.o)
 .data          0x00000000        0x0 c:/program files (x86)/atmel/studio/7.0/toolchain/avr8/avr8-gnu-toolchain/bin/../lib/gcc/avr/5.4.0/../../../../avr/lib/avr51\libm.a(fp_round.o)
 .bss           0x00000000        0x0 c:/program files (x86)/atmel/studio/7.0/toolchain/avr8/avr8-gnu-toolchain/bin/../lib/gcc/avr/5.4.0/../../../../avr/lib/avr51\libm.a(fp_round.o)
 .text          0x00000000        0x0 c:/program files (x86)/atmel/studio/7.0/toolchain/avr8/avr8-gnu-toolchain/bin/../lib/gcc/avr/5.4.0/../../../../avr/lib/avr51\libm.a(fp_split3.o)
 .data          0x00000000        0x0 c:/program files (x86)/atmel/studio/7.0/toolchain/avr8/avr8-gnu-toolchain/bin/../lib/gcc/avr/5.4.0/../../../../avr/lib/avr51\libm.a(fp_split3.o)
 .bss           0x00000000        0x0 c:/program files (x86)/atmel/studio/7.0/toolchain/avr8/avr8-gnu-toolchain/bin/../lib/gcc/avr/5.4.0/../../../../avr/lib/avr51\libm.a(fp_split3.o)
 .text          0x00000000        0x0 c:/program files (x86)/atmel/studio/7.0/toolchain/avr8/avr8-gnu-toolchain/bin/../lib/gcc/avr/5.4.0/../../../../avr/lib/avr51\libm.a(fp_zero.o)
 .data          0x00000000        0x0 c:/program files (x86)/atmel/studio/7.0/toolchain/avr8/avr8-gnu-toolchain/bin/../lib/gcc/avr/5.4.0/../../../../avr/lib/avr51\libm.a(fp_zero.o)
 .bss           0x00000000        0x0 c:/program files (x86)/atmel/studio/7.0/toolchain/avr8/avr8-gnu-toolchain/bin/../lib/gcc/avr/5.4.0/../../../../avr/lib/avr51\libm.a(fp_zero.o)
 .text          0x00000000        0x0 c:/program files (x86)/atmel/studio/7.0/toolchain/avr8/avr8-gnu-toolchain/bin/../lib/gcc/avr/5.4.0/../../../../avr/lib/avr51\libm.a(mulsf3.o)
 .data          0x00000000        0x0 c:/program files (x86)/atmel/studio/7.0/toolchain/avr8/avr8-gnu-toolchain/bin/../lib/gcc/avr/5.4.0/../../../../avr/lib/avr51\libm.a(mulsf3.o)
 .bss           0x00000000        0x0 c:/program files (x86)/atmel/studio/7.0/toolchain/avr8/avr8-gnu-toolchain/bin/../lib/gcc/avr/5.4.0/../../../../avr/lib/avr51\libm.a(mulsf3.o)
 .text          0x00000000        0x0 c:/program files (x86)/atmel/studio/7.0/toolchain/avr8/avr8-gnu-toolchain/bin/../lib/gcc/avr/5.4.0/../../../../avr/lib/avr51\libm.a(mulsf3x.o)
 .data          0x00000000        0x0 c:/program files (x86)/atmel/studio/7.0/toolchain/avr8/avr8-gnu-toolchain/bin/../lib/gcc/avr/5.4.0/../../../../avr/lib/avr51\libm.a(mulsf3x.o)
 .bss           0x00000000        0x0 c:/program files (x86)/atmel/studio/7.0/toolchain/avr8/avr8-gnu-toolchain/bin/../lib/gcc/avr/5.4.0/../../../../avr/lib/avr51\libm.a(mulsf3x.o)
 .text          0x00000000        0x0 c:/program files (x86)/atmel/studio/7.0/toolchain/avr8/avr8-gnu-toolchain/bin/../lib/gcc/avr/5.4.0/avr51\libgcc.a(_udivmodhi4.o)
 .data          0x00000000        0x0 c:/program files (x86)/atmel/studio/7.0/toolchain/avr8/avr8-gnu-toolchain/bin/../lib/gcc/avr/5.4.0/avr51\libgcc.a(_udivmodhi4.o)
 .bss           0x00000000        0x0 c:/program files (x86)/atmel/studio/7.0/toolchain/avr8/avr8-gnu-toolchain/bin/../lib/gcc/avr/5.4.0/avr51\libgcc.a(_udivmodhi4.o)
 .text.libgcc.mul
                0x00000000        0x0 c:/program files (x86)/atmel/studio/7.0/toolchain/avr8/avr8-gnu-toolchain/bin/../lib/gcc/avr/5.4.0/avr51\libgcc.a(_udivmodhi4.o)
 .text.libgcc   0x00000000        0x0 c:/program files (x86)/atmel/studio/7.0/toolchain/avr8/avr8-gnu-toolchain/bin/../lib/gcc/avr/5.4.0/avr51\libgcc.a(_udivmodhi4.o)
 .text.libgcc.prologue
                0x00000000        0x0 c:/program files (x86)/atmel/studio/7.0/toolchain/avr8/avr8-gnu-toolchain/bin/../lib/gcc/avr/5.4.0/avr51\libgcc.a(_udivmodhi4.o)
 .text.libgcc.builtins
                0x00000000        0x0 c:/program files (x86)/atmel/studio/7.0/toolchain/avr8/avr8-gnu-toolchain/bin/../lib/gcc/avr/5.4.0/avr51\libgcc.a(_udivmodhi4.o)
 .text.libgcc.fmul
                0x00000000        0x0 c:/program files (x86)/atmel/studio/7.0/toolchain/avr8/avr8-gnu-toolchain/bin/../lib/gcc/avr/5.4.0/avr51\libgcc.a(_udivmodhi4.o)
 .text.libgcc.fixed
                0x00000000        0x0 c:/program files (x86)/atmel/studio/7.0/toolchain/avr8/avr8-gnu-toolchain/bin/../lib/gcc/avr/5.4.0/avr51\libgcc.a(_udivmodhi4.o)
 .text          0x00000000        0x0 c:/program files (x86)/atmel/studio/7.0/toolchain/avr8/avr8-gnu-toolchain/bin/../lib/gcc/avr/5.4.0/avr51\libgcc.a(_divmodhi4.o)
 .data          0x00000000        0x0 c:/program files (x86)/atmel/studio/7.0/toolchain/avr8/avr8-gnu-toolchain/bin/../lib/gcc/avr/5.4.0/avr51\libgcc.a(_divmodhi4.o)
 .bss           0x00000000        0x0 c:/program files (x86)/atmel/studio/7.0/toolchain/avr8/avr8-gnu-toolchain/bin/../lib/gcc/avr/5.4.0/avr51\libgcc.a(_divmodhi4.o)
 .text.libgcc.mul
                0x00000000        0x0 c:/program files (x86)/atmel/studio/7.0/toolchain/avr8/avr8-gnu-toolchain/bin/../lib/gcc/avr/5.4.0/avr51\libgcc.a(_divmodhi4.o)
 .text.libgcc   0x00000000        0x0 c:/program files (x86)/atmel/studio/7.0/toolchain/avr8/avr8-gnu-toolchain/bin/../lib/gcc/avr/5.4.0/avr51\libgcc.a(_divmodhi4.o)
 .text.libgcc.prologue
                0x00000000        0x0 c:/program files (x86)/atmel/studio/7.0/toolchain/avr8/avr8-gnu-toolchain/bin/../lib/gcc/avr/5.4.0/avr51\libgcc.a(_divmodhi4.o)
 .text.libgcc.builtins
                0x00000000        0x0 c:/program files (x86)/atmel/studio/7.0/toolchain/avr8/avr8-gnu-toolchain/bin/../lib/gcc/avr/5.4.0/avr51\libgcc.a(_divmodhi4.o)
 .text.libgcc.fmul
                0x00000000        0x0 c:/program files (x86)/atmel/studio/7.0/toolchain/avr8/avr8-gnu-toolchain/bin/../lib/gcc/avr/5.4.0/avr51\libgcc.a(_divmodhi4.o)
 .text.libgcc.fixed
                0x00000000        0x0 c:/program files (x86)/atmel/studio/7.0/toolchain/avr8/avr8-gnu-toolchain/bin/../lib/gcc/avr/5.4.0/avr51\libgcc.a(_divmodhi4.o)
 .text          0x00000000        0x0 c:/program files (x86)/atmel/studio/7.0/toolchain/avr8/avr8-gnu-toolchain/bin/../lib/gcc/avr/5.4.0/avr51\libgcc.a(_udivmodsi4.o)
 .data          0x00000000        0x0 c:/program files (x86)/atmel/studio/7.0/toolchain/avr8/avr8-gnu-toolchain/bin/../lib/gcc/avr/5.4.0/avr51\libgcc.a(_udivmodsi4.o)
 .bss           0x00000000        0x0 c:/program files (x86)/atmel/studio/7.0/toolchain/avr8/avr8-gnu-toolchain/bin/../lib/gcc/avr/5.4.0/avr51\libgcc.a(_udivmodsi4.o)
 .text.libgcc.mul
                0x00000000        0x0 c:/program files (x86)/atmel/studio/7.0/toolchain/avr8/avr8-gnu-toolchain/bin/../lib/gcc/avr/5.4.0/avr51\libgcc.a(_udivmodsi4.o)
 .text.libgcc   0x00000000        0x0 c:/program files (x86)/atmel/studio/7.0/toolchain/avr8/avr8-gnu-toolchain/bin/../lib/gcc/avr/5.4.0/avr51\libgcc.a(_udivmodsi4.o)
 .text.libgcc.prologue
                0x00000000        0x0 c:/program files (x86)/atmel/studio/7.0/toolchain/avr8/avr8-gnu-toolchain/bin/../lib/gcc/avr/5.4.0/avr51\libgcc.a(_udivmodsi4.o)
 .text.libgcc.builtins
                0x00000000        0x0 c:/program files (x86)/atmel/studio/7.0/toolchain/avr8/avr8-gnu-toolchain/bin/../lib/gcc/avr/5.4.0/avr51\libgcc.a(_udivmodsi4.o)
 .text.libgcc.fmul
                0x00000000        0x0 c:/program files (x86)/atmel/studio/7.0/toolchain/avr8/avr8-gnu-toolchain/bin/../lib/gcc/avr/5.4.0/avr51\libgcc.a(_udivmodsi4.o)
 .text.libgcc.fixed
                0x00000000        0x0 c:/program files (x86)/atmel/studio/7.0/toolchain/avr8/avr8-gnu-toolchain/bin/../lib/gcc/avr/5.4.0/avr51\libgcc.a(_udivmodsi4.o)
 .text          0x00000000        0x0 c:/program files (x86)/atmel/studio/7.0/toolchain/avr8/avr8-gnu-toolchain/bin/../lib/gcc/avr/5.4.0/avr51\libgcc.a(_exit.o)
 .data          0x00000000        0x0 c:/program files (x86)/atmel/studio/7.0/toolchain/avr8/avr8-gnu-toolchain/bin/../lib/gcc/avr/5.4.0/avr51\libgcc.a(_exit.o)
 .bss           0x00000000        0x0 c:/program files (x86)/atmel/studio/7.0/toolchain/avr8/avr8-gnu-toolchain/bin/../lib/gcc/avr/5.4.0/avr51\libgcc.a(_exit.o)
 .text.libgcc.mul
                0x00000000        0x0 c:/program files (x86)/atmel/studio/7.0/toolchain/avr8/avr8-gnu-toolchain/bin/../lib/gcc/avr/5.4.0/avr51\libgcc.a(_exit.o)
 .text.libgcc.div
                0x00000000        0x0 c:/program files (x86)/atmel/studio/7.0/toolchain/avr8/avr8-gnu-toolchain/bin/../lib/gcc/avr/5.4.0/avr51\libgcc.a(_exit.o)
 .text.libgcc   0x00000000        0x0 c:/program files (x86)/atmel/studio/7.0/toolchain/avr8/avr8-gnu-toolchain/bin/../lib/gcc/avr/5.4.0/avr51\libgcc.a(_exit.o)
 .text.libgcc.prologue
                0x00000000        0x0 c:/program files (x86)/atmel/studio/7.0/toolchain/avr8/avr8-gnu-toolchain/bin/../lib/gcc/avr/5.4.0/avr51\libgcc.a(_exit.o)
 .text.libgcc.builtins
                0x00000000        0x0 c:/program files (x86)/atmel/studio/7.0/toolchain/avr8/avr8-gnu-toolchain/bin/../lib/gcc/avr/5.4.0/avr51\libgcc.a(_exit.o)
 .text.libgcc.fmul
                0x00000000        0x0 c:/program files (x86)/atmel/studio/7.0/toolchain/avr8/avr8-gnu-toolchain/bin/../lib/gcc/avr/5.4.0/avr51\libgcc.a(_exit.o)
 .text.libgcc.fixed
                0x00000000        0x0 c:/program files (x86)/atmel/studio/7.0/toolchain/avr8/avr8-gnu-toolchain/bin/../lib/gcc/avr/5.4.0/avr51\libgcc.a(_exit.o)
 .text          0x00000000        0x0 c:/program files (x86)/atmel/studio/7.0/toolchain/avr8/avr8-gnu-toolchain/bin/../lib/gcc/avr/5.4.0/avr51\libgcc.a(_tablejump2.o)
 .data          0x00000000        0x0 c:/program files (x86)/atmel/studio/7.0/toolchain/avr8/avr8-gnu-toolchain/bin/../lib/gcc/avr/5.4.0/avr51\libgcc.a(_tablejump2.o)
 .bss           0x00000000        0x0 c:/program files (x86)/atmel/studio/7.0/toolchain/avr8/avr8-gnu-toolchain/bin/../lib/gcc/avr/5.4.0/avr51\libgcc.a(_tablejump2.o)
 .text.libgcc.mul
                0x00000000        0x0 c:/program files (x86)/atmel/studio/7.0/toolchain/avr8/avr8-gnu-toolchain/bin/../lib/gcc/avr/5.4.0/avr51\libgcc.a(_tablejump2.o)
 .text.libgcc.div
                0x00000000        0x0 c:/program files (x86)/atmel/studio/7.0/toolchain/avr8/avr8-gnu-toolchain/bin/../lib/gcc/avr/5.4.0/avr51\libgcc.a(_tablejump2.o)
 .text.libgcc   0x00000000       0x12 c:/program files (x86)/atmel/studio/7.0/toolchain/avr8/avr8-gnu-toolchain/bin/../lib/gcc/avr/5.4.0/avr51\libgcc.a(_tablejump2.o)
 .text.libgcc.prologue
                0x00000000        0x0 c:/program files (x86)/atmel/studio/7.0/toolchain/avr8/avr8-gnu-toolchain/bin/../lib/gcc/avr/5.4.0/avr51\libgcc.a(_tablejump2.o)
 .text.libgcc.builtins
                0x00000000        0x0 c:/program files (x86)/atmel/studio/7.0/toolchain/avr8/avr8-gnu-toolchain/bin/../lib/gcc/avr/5.4.0/avr51\libgcc.a(_tablejump2.o)
 .text.libgcc.fmul
                0x00000000        0x0 c:/program files (x86)/atmel/studio/7.0/toolchain/avr8/avr8-gnu-toolchain/bin/../lib/gcc/avr/5.4.0/avr51\libgcc.a(_tablejump2.o)
 .text.libgcc.fixed
                0x00000000        0x0 c:/program files (x86)/atmel/studio/7.0/toolchain/avr8/avr8-gnu-toolchain/bin/../lib/gcc/avr/5.4.0/avr51\libgcc.a(_tablejump2.o)
 .text          0x00000000        0x0 c:/program files (x86)/atmel/studio/7.0/toolchain/avr8/avr8-gnu-toolchain/bin/../lib/gcc/avr/5.4.0/avr51\libgcc.a(_copy_data.o)
 .data          0x00000000        0x0 c:/program files (x86)/atmel/studio/7.0/toolchain/avr8/avr8-gnu-toolchain/bin/../lib/gcc/avr/5.4.0/avr51\libgcc.a(_copy_data.o)
 .bss           0x00000000        0x0 c:/program files (x86)/atmel/studio/7.0/toolchain/avr8/avr8-gnu-toolchain/bin/../lib/gcc/avr/5.4.0/avr51\libgcc.a(_copy_data.o)
 .text.libgcc.mul
                0x00000000        0x0 c:/program files (x86)/atmel/studio/7.0/toolchain/avr8/avr8-gnu-toolchain/bin/../lib/gcc/avr/5.4.0/avr51\libgcc.a(_copy_data.o)
 .text.libgcc.div
                0x00000000        0x0 c:/program files (x86)/atmel/studio/7.0/toolchain/avr8/avr8-gnu-toolchain/bin/../lib/gcc/avr/5.4.0/avr51\libgcc.a(_copy_data.o)
 .text.libgcc   0x00000000        0x0 c:/program files (x86)/atmel/studio/7.0/toolchain/avr8/avr8-gnu-toolchain/bin/../lib/gcc/avr/5.4.0/avr51\libgcc.a(_copy_data.o)
 .text.libgcc.prologue
                0x00000000        0x0 c:/program files (x86)/atmel/studio/7.0/toolchain/avr8/avr8-gnu-toolchain/bin/../lib/gcc/avr/5.4.0/avr51\libgcc.a(_copy_data.o)
 .text.libgcc.builtins
                0x00000000        0x0 c:/program files (x86)/atmel/studio/7.0/toolchain/avr8/avr8-gnu-toolchain/bin/../lib/gcc/avr/5.4.0/avr51\libgcc.a(_copy_data.o)
 .text.libgcc.fmul
                0x00000000        0x0 c:/program files (x86)/atmel/studio/7.0/toolchain/avr8/avr8-gnu-toolchain/bin/../lib/gcc/avr/5.4.0/avr51\libgcc.a(_copy_data.o)
 .text.libgcc.fixed
                0x00000000        0x0 c:/program files (x86)/atmel/studio/7.0/toolchain/avr8/avr8-gnu-toolchain/bin/../lib/gcc/avr/5.4.0/avr51\libgcc.a(_copy_data.o)
 .text          0x00000000        0x0 c:/program files (x86)/atmel/studio/7.0/toolchain/avr8/avr8-gnu-toolchain/bin/../lib/gcc/avr/5.4.0/avr51\libgcc.a(_clear_bss.o)
 .data          0x00000000        0x0 c:/program files (x86)/atmel/studio/7.0/toolchain/avr8/avr8-gnu-toolchain/bin/../lib/gcc/avr/5.4.0/avr51\libgcc.a(_clear_bss.o)
 .bss           0x00000000        0x0 c:/program files (x86)/atmel/studio/7.0/toolchain/avr8/avr8-gnu-toolchain/bin/../lib/gcc/avr/5.4.0/avr51\libgcc.a(_clear_bss.o)
 .text.libgcc.mul
                0x00000000        0x0 c:/program files (x86)/atmel/studio/7.0/toolchain/avr8/avr8-gnu-toolchain/bin/../lib/gcc/avr/5.4.0/avr51\libgcc.a(_clear_bss.o)
 .text.libgcc.div
                0x00000000        0x0 c:/program files (x86)/atmel/studio/7.0/toolchain/avr8/avr8-gnu-toolchain/bin/../lib/gcc/avr/5.4.0/avr51\libgcc.a(_clear_bss.o)
 .text.libgcc   0x00000000        0x0 c:/program files (x86)/atmel/studio/7.0/toolchain/avr8/avr8-gnu-toolchain/bin/../lib/gcc/avr/5.4.0/avr51\libgcc.a(_clear_bss.o)
 .text.libgcc.prologue
                0x00000000        0x0 c:/program files (x86)/atmel/studio/7.0/toolchain/avr8/avr8-gnu-toolchain/bin/../lib/gcc/avr/5.4.0/avr51\libgcc.a(_clear_bss.o)
 .text.libgcc.builtins
                0x00000000        0x0 c:/program files (x86)/atmel/studio/7.0/toolchain/avr8/avr8-gnu-toolchain/bin/../lib/gcc/avr/5.4.0/avr51\libgcc.a(_clear_bss.o)
 .text.libgcc.fmul
                0x00000000        0x0 c:/program files (x86)/atmel/studio/7.0/toolchain/avr8/avr8-gnu-toolchain/bin/../lib/gcc/avr/5.4.0/avr51\libgcc.a(_clear_bss.o)
 .text.libgcc.fixed
                0x00000000        0x0 c:/program files (x86)/atmel/studio/7.0/toolchain/avr8/avr8-gnu-toolchain/bin/../lib/gcc/avr/5.4.0/avr51\libgcc.a(_clear_bss.o)
 .text          0x00000000        0x0 c:/program files (x86)/atmel/studio/7.0/toolchain/avr8/avr8-gnu-toolchain/bin/../lib/gcc/avr/5.4.0/avr51\libgcc.a(_umulhisi3.o)
 .data          0x00000000        0x0 c:/program files (x86)/atmel/studio/7.0/toolchain/avr8/avr8-gnu-toolchain/bin/../lib/gcc/avr/5.4.0/avr51\libgcc.a(_umulhisi3.o)
 .bss           0x00000000        0x0 c:/program files (x86)/atmel/studio/7.0/toolchain/avr8/avr8-gnu-toolchain/bin/../lib/gcc/avr/5.4.0/avr51\libgcc.a(_umulhisi3.o)
 .text.libgcc.div
                0x00000000        0x0 c:/program files (x86)/atmel/studio/7.0/toolchain/avr8/avr8-gnu-toolchain/bin/../lib/gcc/avr/5.4.0/avr51\libgcc.a(_umulhisi3.o)
 .text.libgcc   0x00000000        0x0 c:/program files (x86)/atmel/studio/7.0/toolchain/avr8/avr8-gnu-toolchain/bin/../lib/gcc/avr/5.4.0/avr51\libgcc.a(_umulhisi3.o)
 .text.libgcc.prologue
                0x00000000        0x0 c:/program files (x86)/atmel/studio/7.0/toolchain/avr8/avr8-gnu-toolchain/bin/../lib/gcc/avr/5.4.0/avr51\libgcc.a(_umulhisi3.o)
 .text.libgcc.builtins
                0x00000000        0x0 c:/program files (x86)/atmel/studio/7.0/toolchain/avr8/avr8-gnu-toolchain/bin/../lib/gcc/avr/5.4.0/avr51\libgcc.a(_umulhisi3.o)
 .text.libgcc.fmul
                0x00000000        0x0 c:/program files (x86)/atmel/studio/7.0/toolchain/avr8/avr8-gnu-toolchain/bin/../lib/gcc/avr/5.4.0/avr51\libgcc.a(_umulhisi3.o)
 .text.libgcc.fixed
                0x00000000        0x0 c:/program files (x86)/atmel/studio/7.0/toolchain/avr8/avr8-gnu-toolchain/bin/../lib/gcc/avr/5.4.0/avr51\libgcc.a(_umulhisi3.o)
 .text          0x00000000        0x0 c:/program files (x86)/atmel/studio/7.0/toolchain/avr8/avr8-gnu-toolchain/bin/../lib/gcc/avr/5.4.0/../../../../avr/lib/avr51\libc.a(strlen.o)
 .data          0x00000000        0x0 c:/program files (x86)/atmel/studio/7.0/toolchain/avr8/avr8-gnu-toolchain/bin/../lib/gcc/avr/5.4.0/../../../../avr/lib/avr51\libc.a(strlen.o)
 .bss           0x00000000        0x0 c:/program files (x86)/atmel/studio/7.0/toolchain/avr8/avr8-gnu-toolchain/bin/../lib/gcc/avr/5.4.0/../../../../avr/lib/avr51\libc.a(strlen.o)

Memory Configuration

Name             Origin             Length             Attributes
text             0x00000000         0x00020000         xr
data             0x00800100         0x0000ff00         rw !x
eeprom           0x00810000         0x00010000         rw !x
fuse             0x00820000         0x00000003         rw !x
lock             0x00830000         0x00000400         rw !x
signature        0x00840000         0x00000400         rw !x
user_signatures  0x00850000         0x00000400         rw !x
*default*        0x00000000         0xffffffff

Linker script and memory map

Address of section .data set to 0x800100
LOAD C:/Program Files (x86)/Atmel/Studio/7.0/Packs/atmel/ATmega_DFP/1.2.209/gcc/dev/at90can128/avr51/crtat90can128.o
LOAD canlib.o
LOAD CAN_Data.o
LOAD display_data.o
LOAD display_functions.o
LOAD error.o
LOAD main.o
LOAD portextender.o
LOAD system_config.o
START GROUP
LOAD c:/program files (x86)/atmel/studio/7.0/toolchain/avr8/avr8-gnu-toolchain/bin/../lib/gcc/avr/5.4.0/../../../../avr/lib/avr51\libm.a
END GROUP
START GROUP
LOAD c:/program files (x86)/atmel/studio/7.0/toolchain/avr8/avr8-gnu-toolchain/bin/../lib/gcc/avr/5.4.0/avr51\libgcc.a
LOAD c:/program files (x86)/atmel/studio/7.0/toolchain/avr8/avr8-gnu-toolchain/bin/../lib/gcc/avr/5.4.0/../../../../avr/lib/avr51\libm.a
LOAD c:/program files (x86)/atmel/studio/7.0/toolchain/avr8/avr8-gnu-toolchain/bin/../lib/gcc/avr/5.4.0/../../../../avr/lib/avr51\libc.a
LOAD C:/Program Files (x86)/Atmel/Studio/7.0/Packs/atmel/ATmega_DFP/1.2.209/gcc/dev/at90can128/avr51\libat90can128.a
END GROUP
                0x00000000                __TEXT_REGION_ORIGIN__ = DEFINED (__TEXT_REGION_ORIGIN__)?__TEXT_REGION_ORIGIN__:0x0
                0x00800100                __DATA_REGION_ORIGIN__ = DEFINED (__DATA_REGION_ORIGIN__)?__DATA_REGION_ORIGIN__:0x800100
                0x00020000                __TEXT_REGION_LENGTH__ = DEFINED (__TEXT_REGION_LENGTH__)?__TEXT_REGION_LENGTH__:0x20000
                0x0000ff00                __DATA_REGION_LENGTH__ = DEFINED (__DATA_REGION_LENGTH__)?__DATA_REGION_LENGTH__:0xff00
                0x00010000                __EEPROM_REGION_LENGTH__ = DEFINED (__EEPROM_REGION_LENGTH__)?__EEPROM_REGION_LENGTH__:0x10000
                [0x00000003]                __FUSE_REGION_LENGTH__ = DEFINED (__FUSE_REGION_LENGTH__)?__FUSE_REGION_LENGTH__:0x400
                0x00000400                __LOCK_REGION_LENGTH__ = DEFINED (__LOCK_REGION_LENGTH__)?__LOCK_REGION_LENGTH__:0x400
                0x00000400                __SIGNATURE_REGION_LENGTH__ = DEFINED (__SIGNATURE_REGION_LENGTH__)?__SIGNATURE_REGION_LENGTH__:0x400
                0x00000400                __USER_SIGNATURE_REGION_LENGTH__ = DEFINED (__USER_SIGNATURE_REGION_LENGTH__)?__USER_SIGNATURE_REGION_LENGTH__:0x400

.hash
 *(.hash)

.dynsym
 *(.dynsym)

.dynstr
 *(.dynstr)

.gnu.version
 *(.gnu.version)

.gnu.version_d
 *(.gnu.version_d)

.gnu.version_r
 *(.gnu.version_r)

.rel.init
 *(.rel.init)

.rela.init
 *(.rela.init)

.rel.text
 *(.rel.text)
 *(.rel.text.*)
 *(.rel.gnu.linkonce.t*)

.rela.text
 *(.rela.text)
 *(.rela.text.*)
 *(.rela.gnu.linkonce.t*)

.rel.fini
 *(.rel.fini)

.rela.fini
 *(.rela.fini)

.rel.rodata
 *(.rel.rodata)
 *(.rel.rodata.*)
 *(.rel.gnu.linkonce.r*)

.rela.rodata
 *(.rela.rodata)
 *(.rela.rodata.*)
 *(.rela.gnu.linkonce.r*)

.rel.data
 *(.rel.data)
 *(.rel.data.*)
 *(.rel.gnu.linkonce.d*)

.rela.data
 *(.rela.data)
 *(.rela.data.*)
 *(.rela.gnu.linkonce.d*)

.rel.ctors
 *(.rel.ctors)

.rela.ctors
 *(.rela.ctors)

.rel.dtors
 *(.rel.dtors)

.rela.dtors
 *(.rela.dtors)

.rel.got
 *(.rel.got)

.rela.got
 *(.rela.got)

.rel.bss
 *(.rel.bss)

.rela.bss
 *(.rela.bss)

.rel.plt
 *(.rel.plt)

.rela.plt
 *(.rela.plt)

.text           0x00000000     0x2bda
 *(.vectors)
 .vectors       0x00000000       0x94 C:/Program Files (x86)/Atmel/Studio/7.0/Packs/atmel/ATmega_DFP/1.2.209/gcc/dev/at90can128/avr51/crtat90can128.o
                0x00000000                __vector_default
                0x00000000                __vectors
 *(.vectors)
 *(.progmem.gcc*)
                0x00000094                . = ALIGN (0x2)
                0x00000094                __trampolines_start = .
 *(.trampolines)
 .trampolines   0x00000094        0x0 linker stubs
 *(.trampolines*)
                0x00000094                __trampolines_end = .
 *libprintf_flt.a:*(.progmem.data)
 *libc.a:*(.progmem.data)
 *(.progmem*)
                0x00000094                . = ALIGN (0x2)
 *(.jumptables)
 *(.jumptables*)
 *(.lowtext)
 *(.lowtext*)
                0x00000094                __ctors_start = .
 *(.ctors)
                0x00000094                __ctors_end = .
                0x00000094                __dtors_start = .
 *(.dtors)
                0x00000094                __dtors_end = .
 SORT(*)(.ctors)
 SORT(*)(.dtors)
 *(.init0)
 .init0         0x00000094        0x0 C:/Program Files (x86)/Atmel/Studio/7.0/Packs/atmel/ATmega_DFP/1.2.209/gcc/dev/at90can128/avr51/crtat90can128.o
                0x00000094                __init
 *(.init0)
 *(.init1)
 *(.init1)
 *(.init2)
 .init2         0x00000094        0xc C:/Program Files (x86)/Atmel/Studio/7.0/Packs/atmel/ATmega_DFP/1.2.209/gcc/dev/at90can128/avr51/crtat90can128.o
 *(.init2)
 *(.init3)
 *(.init3)
 *(.init4)
 .init4         0x000000a0       0x1a c:/program files (x86)/atmel/studio/7.0/toolchain/avr8/avr8-gnu-toolchain/bin/../lib/gcc/avr/5.4.0/avr51\libgcc.a(_copy_data.o)
                0x000000a0                __do_copy_data
 .init4         0x000000ba       0x10 c:/program files (x86)/atmel/studio/7.0/toolchain/avr8/avr8-gnu-toolchain/bin/../lib/gcc/avr/5.4.0/avr51\libgcc.a(_clear_bss.o)
                0x000000ba                __do_clear_bss
 *(.init4)
 *(.init5)
 *(.init5)
 *(.init6)
 *(.init6)
 *(.init7)
 *(.init7)
 *(.init8)
 *(.init8)
 *(.init9)
 .init9         0x000000ca        0x8 C:/Program Files (x86)/Atmel/Studio/7.0/Packs/atmel/ATmega_DFP/1.2.209/gcc/dev/at90can128/avr51/crtat90can128.o
 *(.init9)
 *(.text)
 .text          0x000000d2        0x2 C:/Program Files (x86)/Atmel/Studio/7.0/Packs/atmel/ATmega_DFP/1.2.209/gcc/dev/at90can128/avr51/crtat90can128.o
                0x000000d2                __vector_22
                0x000000d2                __vector_28
                0x000000d2                __vector_1
                0x000000d2                __vector_32
                0x000000d2                __vector_34
                0x000000d2                __vector_24
                0x000000d2                __vector_12
                0x000000d2                __bad_interrupt
                0x000000d2                __vector_6
                0x000000d2                __vector_31
                0x000000d2                __vector_35
                0x000000d2                __vector_3
                0x000000d2                __vector_23
                0x000000d2                __vector_30
                0x000000d2                __vector_25
                0x000000d2                __vector_11
                0x000000d2                __vector_13
                0x000000d2                __vector_17
                0x000000d2                __vector_19
                0x000000d2                __vector_7
                0x000000d2                __vector_27
                0x000000d2                __vector_5
                0x000000d2                __vector_33
                0x000000d2                __vector_4
                0x000000d2                __vector_9
                0x000000d2                __vector_2
                0x000000d2                __vector_21
                0x000000d2                __vector_15
                0x000000d2                __vector_36
                0x000000d2                __vector_29
                0x000000d2                __vector_8
                0x000000d2                __vector_26
                0x000000d2                __vector_14
                0x000000d2                __vector_10
                0x000000d2                __vector_18
                0x000000d4                . = ALIGN (0x2)
 *(.text.*)
 .text.can_check_free
                0x000000d4       0x7a canlib.o
                0x000000d4                can_check_free
 .text.can_cfg  0x0000014e      0x10c canlib.o
                0x0000014e                can_cfg
 .text.can_rx   0x0000025a      0x13e canlib.o
                0x0000025a                can_rx
 .text.can_tx   0x00000398      0x126 canlib.o
                0x00000398                can_tx
 .text.can_init_messages
                0x000004be      0x1b2 CAN_Data.o
                0x000004be                can_init_messages
 .text.CAN_recieve
                0x00000670       0x9c CAN_Data.o
                0x00000670                CAN_recieve
 .text.CAN_put_data
                0x0000070c      0x538 CAN_Data.o
                0x0000070c                CAN_put_data
 .text.calc_BB  0x00000c44       0xfe display_data.o
                0x00000c44                calc_BB
 .text.string_to_digit
                0x00000d42       0xa8 display_data.o
                0x00000d42                string_to_digit
 .text.num_to_digit
                0x00000dea      0x2c6 display_data.o
                0x00000dea                num_to_digit
 .text.time_to_digit
                0x000010b0      0x344 display_data.o
                0x000010b0                time_to_digit
 .text.dsp_clear
                0x000013f4       0xd8 display_data.o
                0x000013f4                dsp_clear
 .text.dsp_arrayinit_static
                0x000014cc      0x22c display_data.o
                0x000014cc                dsp_arrayinit_static
 .text.invert_binary_number
                0x000016f8       0x6c display_functions.o
                0x000016f8                invert_binary_number
 .text.clear_top_left_bar
                0x00001764       0x34 display_functions.o
                0x00001764                clear_top_left_bar
 .text.clear_top_right_bar
                0x00001798       0x2a display_functions.o
                0x00001798                clear_top_right_bar
 .text.led_left_top_bar_select
                0x000017c2       0x78 display_functions.o
                0x000017c2                led_left_top_bar_select
 .text.led_right_top_bar_select
                0x0000183a       0xa4 display_functions.o
                0x0000183a                led_right_top_bar_select
 .text.dsp_writedata
                0x000018de       0x9e display_functions.o
                0x000018de                dsp_writedata
 .text.dsp_customchar
                0x0000197c       0x96 display_functions.o
                0x0000197c                dsp_customchar
 .text.dsp_write
                0x00001a12       0x9e display_functions.o
                0x00001a12                dsp_write
 .text.dsp_definechars
                0x00001ab0      0x11a display_functions.o
                0x00001ab0                dsp_definechars
 .text.dsp_init
                0x00001bca       0x3e display_functions.o
                0x00001bca                dsp_init
 .text.selftest
                0x00001c08      0x164 display_functions.o
                0x00001c08                selftest
 .text.bms_error
                0x00001d6c       0x4e display_functions.o
                0x00001d6c                bms_error
 .text.error_handling
                0x00001dba       0xb6 error.o
                0x00001dba                error_handling
 .text.main     0x00001e70      0x58a main.o
                0x00001e70                main
 .text.LED_Blink
                0x000023fa       0x5a main.o
                0x000023fa                LED_Blink
 .text.LED_Blink_CTRL
                0x00002454      0x17a main.o
                0x00002454                LED_Blink_CTRL
 .text.__vector_20
                0x000025ce       0xb6 portextender.o
                0x000025ce                __vector_20
 .text.port_config
                0x00002684       0xec system_config.o
                0x00002684                port_config
 .text.sys_timer_config
                0x00002770       0x2e system_config.o
                0x00002770                sys_timer_config
 .text.__vector_16
                0x0000279e       0x6c system_config.o
                0x0000279e                __vector_16
 .text.avr-libc.fplib
                0x0000280a        0x4 c:/program files (x86)/atmel/studio/7.0/toolchain/avr8/avr8-gnu-toolchain/bin/../lib/gcc/avr/5.4.0/../../../../avr/lib/avr51\libm.a(divsf3.o)
                0x0000280a                __divsf3
 .text.avr-libc.fplib
                0x0000280e       0xcc c:/program files (x86)/atmel/studio/7.0/toolchain/avr8/avr8-gnu-toolchain/bin/../lib/gcc/avr/5.4.0/../../../../avr/lib/avr51\libm.a(divsf3x.o)
                0x00002824                __divsf3x
                0x00002828                __divsf3_pse
 .text.avr-libc.fplib
                0x000028da       0x58 c:/program files (x86)/atmel/studio/7.0/toolchain/avr8/avr8-gnu-toolchain/bin/../lib/gcc/avr/5.4.0/../../../../avr/lib/avr51\libm.a(fixunssfsi.o)
                0x000028da                __fixunssfsi
 .text.avr-libc.fplib
                0x00002932       0x7a c:/program files (x86)/atmel/studio/7.0/toolchain/avr8/avr8-gnu-toolchain/bin/../lib/gcc/avr/5.4.0/../../../../avr/lib/avr51\libm.a(floatsisf.o)
                0x00002932                __floatunsisf
                0x00002936                __floatsisf
 .text.avr-libc.fplib
                0x000029ac        0xc c:/program files (x86)/atmel/studio/7.0/toolchain/avr8/avr8-gnu-toolchain/bin/../lib/gcc/avr/5.4.0/../../../../avr/lib/avr51\libm.a(fp_inf.o)
                0x000029ac                __fp_inf
 .text.avr-libc.fplib
                0x000029b8        0x6 c:/program files (x86)/atmel/studio/7.0/toolchain/avr8/avr8-gnu-toolchain/bin/../lib/gcc/avr/5.4.0/../../../../avr/lib/avr51\libm.a(fp_nan.o)
                0x000029b8                __fp_nan
 .text.avr-libc.fplib
                0x000029be        0xe c:/program files (x86)/atmel/studio/7.0/toolchain/avr8/avr8-gnu-toolchain/bin/../lib/gcc/avr/5.4.0/../../../../avr/lib/avr51\libm.a(fp_pscA.o)
                0x000029be                __fp_pscA
 .text.avr-libc.fplib
                0x000029cc        0xe c:/program files (x86)/atmel/studio/7.0/toolchain/avr8/avr8-gnu-toolchain/bin/../lib/gcc/avr/5.4.0/../../../../avr/lib/avr51\libm.a(fp_pscB.o)
                0x000029cc                __fp_pscB
 .text.avr-libc.fplib
                0x000029da       0x22 c:/program files (x86)/atmel/studio/7.0/toolchain/avr8/avr8-gnu-toolchain/bin/../lib/gcc/avr/5.4.0/../../../../avr/lib/avr51\libm.a(fp_round.o)
                0x000029da                __fp_round
 .text.avr-libc.fplib
                0x000029fc       0x44 c:/program files (x86)/atmel/studio/7.0/toolchain/avr8/avr8-gnu-toolchain/bin/../lib/gcc/avr/5.4.0/../../../../avr/lib/avr51\libm.a(fp_split3.o)
                0x000029fc                __fp_split3
                0x00002a0c                __fp_splitA
 .text.avr-libc.fplib
                0x00002a40        0xe c:/program files (x86)/atmel/studio/7.0/toolchain/avr8/avr8-gnu-toolchain/bin/../lib/gcc/avr/5.4.0/../../../../avr/lib/avr51\libm.a(fp_zero.o)
                0x00002a40                __fp_zero
                0x00002a42                __fp_szero
 .text.avr-libc.fplib
                0x00002a4e        0x4 c:/program files (x86)/atmel/studio/7.0/toolchain/avr8/avr8-gnu-toolchain/bin/../lib/gcc/avr/5.4.0/../../../../avr/lib/avr51\libm.a(mulsf3.o)
                0x00002a4e                __mulsf3
 .text.avr-libc.fplib
                0x00002a52       0xc2 c:/program files (x86)/atmel/studio/7.0/toolchain/avr8/avr8-gnu-toolchain/bin/../lib/gcc/avr/5.4.0/../../../../avr/lib/avr51\libm.a(mulsf3x.o)
                0x00002a66                __mulsf3x
                0x00002a6a                __mulsf3_pse
 .text.libgcc.div
                0x00002b14       0x28 c:/program files (x86)/atmel/studio/7.0/toolchain/avr8/avr8-gnu-toolchain/bin/../lib/gcc/avr/5.4.0/avr51\libgcc.a(_udivmodhi4.o)
                0x00002b14                __udivmodhi4
 .text.libgcc.div
                0x00002b3c       0x26 c:/program files (x86)/atmel/studio/7.0/toolchain/avr8/avr8-gnu-toolchain/bin/../lib/gcc/avr/5.4.0/avr51\libgcc.a(_divmodhi4.o)
                0x00002b3c                _div
                0x00002b3c                __divmodhi4
 .text.libgcc.div
                0x00002b62       0x44 c:/program files (x86)/atmel/studio/7.0/toolchain/avr8/avr8-gnu-toolchain/bin/../lib/gcc/avr/5.4.0/avr51\libgcc.a(_udivmodsi4.o)
                0x00002b62                __udivmodsi4
 .text.libgcc.mul
                0x00002ba6       0x1e c:/program files (x86)/atmel/studio/7.0/toolchain/avr8/avr8-gnu-toolchain/bin/../lib/gcc/avr/5.4.0/avr51\libgcc.a(_umulhisi3.o)
                0x00002ba6                __umulhisi3
 .text.avr-libc
                0x00002bc4       0x12 c:/program files (x86)/atmel/studio/7.0/toolchain/avr8/avr8-gnu-toolchain/bin/../lib/gcc/avr/5.4.0/../../../../avr/lib/avr51\libc.a(strlen.o)
                0x00002bc4                strlen
                0x00002bd6                . = ALIGN (0x2)
 *(.fini9)
 .fini9         0x00002bd6        0x0 c:/program files (x86)/atmel/studio/7.0/toolchain/avr8/avr8-gnu-toolchain/bin/../lib/gcc/avr/5.4.0/avr51\libgcc.a(_exit.o)
                0x00002bd6                _exit
                0x00002bd6                exit
 *(.fini9)
 *(.fini8)
 *(.fini8)
 *(.fini7)
 *(.fini7)
 *(.fini6)
 *(.fini6)
 *(.fini5)
 *(.fini5)
 *(.fini4)
 *(.fini4)
 *(.fini3)
 *(.fini3)
 *(.fini2)
 *(.fini2)
 *(.fini1)
 *(.fini1)
 *(.fini0)
 .fini0         0x00002bd6        0x4 c:/program files (x86)/atmel/studio/7.0/toolchain/avr8/avr8-gnu-toolchain/bin/../lib/gcc/avr/5.4.0/avr51\libgcc.a(_exit.o)
 *(.fini0)
                0x00002bda                _etext = .

.data           0x00800100       0xd2 load address 0x00002bda
                0x00800100                PROVIDE (__data_start, .)
 *(.data)
 *(.data*)
 .data.dsp_command
                0x00800100        0x7 display_functions.o
                0x00800100                dsp_command
 .data.dsp_line
                0x00800107        0x4 display_functions.o
                0x00800107                dsp_line
 .data.LC_change
                0x0080010b        0x1 main.o
                0x0080010b                LC_change
 *(.gnu.linkonce.d*)
 *(.rodata)
 .rodata        0x0080010c       0xa8 display_functions.o
 .rodata        0x008001b4       0x13 error.o
 .rodata        0x008001c7        0xa main.o
 *(.rodata*)
 *(.gnu.linkonce.r*)
                0x008001d2                . = ALIGN (0x2)
 *fill*         0x008001d1        0x1 
                0x008001d2                _edata = .
                0x008001d2                PROVIDE (__data_end, .)

.bss            0x008001d2      0x288
                0x008001d2                PROVIDE (__bss_start, .)
 *(.bss)
 *(.bss*)
 .bss.Rotary_Encoder_Right
                0x008001d2        0x1 CAN_Data.o
                0x008001d2                Rotary_Encoder_Right
 .bss.Rotary_Encoder_Left
                0x008001d3        0x1 CAN_Data.o
                0x008001d3                Rotary_Encoder_Left
 .bss.TSVoltage
                0x008001d4        0x2 CAN_Data.o
                0x008001d4                TSVoltage
 .bss.AccumulatorTemperature
                0x008001d6        0x2 CAN_Data.o
                0x008001d6                AccumulatorTemperature
 .bss.SOC       0x008001d8        0x2 CAN_Data.o
                0x008001d8                SOC
 .bss.LVSVoltage
                0x008001da        0x2 CAN_Data.o
                0x008001da                LVSVoltage
 .bss.CLT       0x008001dc        0x2 CAN_Data.o
                0x008001dc                CLT
 .bss.BrakeBias
                0x008001de        0x1 CAN_Data.o
                0x008001de                BrakeBias
 .bss.APPS1     0x008001df        0x1 CAN_Data.o
                0x008001df                APPS1
 .bss.APPS2     0x008001e0        0x1 CAN_Data.o
                0x008001e0                APPS2
 .bss.BPF       0x008001e1        0x1 CAN_Data.o
                0x008001e1                BPF
 .bss.BPR       0x008001e2        0x1 CAN_Data.o
                0x008001e2                BPR
 .bss.SDCIFB    0x008001e3        0x1 CAN_Data.o
                0x008001e3                SDCIFB
 .bss.FRO       0x008001e4        0x2 CAN_Data.o
                0x008001e4                FRO
 .bss.AMS_ERR   0x008001e6        0x1 CAN_Data.o
                0x008001e6                AMS_ERR
 .bss.ERR_info  0x008001e7        0x2 CAN_Data.o
                0x008001e7                ERR_info
 .bss.IMD_ERR   0x008001e9        0x1 CAN_Data.o
                0x008001e9                IMD_ERR
 .bss.TS_RDY    0x008001ea        0x1 CAN_Data.o
                0x008001ea                TS_RDY
 .bss.CV_min    0x008001eb        0x2 CAN_Data.o
                0x008001eb                CV_min
 .bss.CV_max    0x008001ed        0x2 CAN_Data.o
                0x008001ed                CV_max
 .bss.CT_min    0x008001ef        0x2 CAN_Data.o
                0x008001ef                CT_min
 .bss.CT_max    0x008001f1        0x2 CAN_Data.o
                0x008001f1                CT_max
 .bss.LapNumber
                0x008001f3        0x1 CAN_Data.o
                0x008001f3                LapNumber
 .bss.Laptime   0x008001f4        0x4 CAN_Data.o
                0x008001f4                Laptime
 .bss.Laptime_1
                0x008001f8        0x1 CAN_Data.o
                0x008001f8                Laptime_1
 .bss.Laptime_2
                0x008001f9        0x2 CAN_Data.o
                0x008001f9                Laptime_2
 .bss.Laptime_3
                0x008001fb        0x4 CAN_Data.o
                0x008001fb                Laptime_3
 .bss.Laptime_4
                0x008001ff        0x4 CAN_Data.o
                0x008001ff                Laptime_4
 .bss.Besttime  0x00800203        0x4 CAN_Data.o
                0x00800203                Besttime
 .bss.Besttime_1
                0x00800207        0x1 CAN_Data.o
                0x00800207                Besttime_1
 .bss.Besttime_2
                0x00800208        0x2 CAN_Data.o
                0x00800208                Besttime_2
 .bss.Besttime_3
                0x0080020a        0x4 CAN_Data.o
                0x0080020a                Besttime_3
 .bss.Besttime_4
                0x0080020e        0x4 CAN_Data.o
                0x0080020e                Besttime_4
 .bss.Pred_time
                0x00800212        0x4 CAN_Data.o
                0x00800212                Pred_time
 .bss.Pred_time_1
                0x00800216        0x1 CAN_Data.o
                0x00800216                Pred_time_1
 .bss.Pred_time_2
                0x00800217        0x2 CAN_Data.o
                0x00800217                Pred_time_2
 .bss.Pred_time_3
                0x00800219        0x4 CAN_Data.o
                0x00800219                Pred_time_3
 .bss.Pred_time_4
                0x0080021d        0x4 CAN_Data.o
                0x0080021d                Pred_time_4
 .bss.ODO       0x00800221        0x2 CAN_Data.o
                0x00800221                ODO
 .bss.GPS_Speed
                0x00800223        0x2 CAN_Data.o
                0x00800223                GPS_Speed
 .bss.BB        0x00800225        0x4 display_data.o
                0x00800225                BB
 .bss.systime_selftest
                0x00800229        0x4 display_functions.o
                0x00800229                systime_selftest
 .bss.LEDS_on   0x0080022d        0x1 display_functions.o
                0x0080022d                LEDS_on
 .bss.counter   0x0080022e        0x1 display_functions.o
                0x0080022e                counter
 .bss.dsp_linecounter
                0x0080022f        0x1 display_functions.o
                0x0080022f                dsp_linecounter
 .bss.error_indicator
                0x00800230        0xa error.o
                0x00800230                error_indicator
 .bss.dsp_mde   0x0080023a        0x1 main.o
                0x0080023a                dsp_mde
 .bss.time_10   0x0080023b        0x4 main.o
                0x0080023b                time_10
 .bss.time_100  0x0080023f        0x4 main.o
                0x0080023f                time_100
 .bss.sys_time  0x00800243        0x4 main.o
                0x00800243                sys_time
 .bss.systime_time_indicator
                0x00800247        0x4 main.o
                0x00800247                systime_time_indicator
 .bss.LC_Active
                0x0080024b        0x1 main.o
                0x0080024b                LC_Active
 .bss.difftime  0x0080024c        0x4 main.o
                0x0080024c                difftime
 .bss.difftime_old
                0x00800250        0x4 main.o
                0x00800250                difftime_old
 .bss.LED_Blink_Flag
                0x00800254        0x1 main.o
                0x00800254                LED_Blink_Flag
 .bss.LED_Blink_on
                0x00800255        0x1 main.o
                0x00800255                LED_Blink_on
 .bss.Anzahl_Blinks_Glob
                0x00800256        0x1 main.o
                0x00800256                Anzahl_Blinks_Glob
 .bss.Zeit_fuer_Blinken_Glob
                0x00800257        0x2 main.o
                0x00800257                Zeit_fuer_Blinken_Glob
 .bss.sys_time_blink
                0x00800259        0x4 main.o
                0x00800259                sys_time_blink
 .bss.spi_state
                0x0080025d        0x1 portextender.o
                0x0080025d                spi_state
 .bss.update_data
                0x0080025e        0x1 system_config.o
                0x0080025e                update_data
 .bss.draw_data
                0x0080025f        0x1 system_config.o
                0x0080025f                draw_data
 *(COMMON)
 COMMON         0x00800260       0xb6 CAN_Data.o
                0x00800260                Logger1_databytes
                0x00800268                can_Logger2_mob
                0x0080026d                Logger2_databytes
                0x00800275                DIC0_databytes
                0x0080027d                AMS1_databytes
                0x00800285                can_Fusebox0_mob
                0x0080028a                AMS2_databytes
                0x00800292                can_SHR0_mob
                0x00800297                can_AMS3_mob
                0x0080029c                AMS0_databytes
                0x008002a4                can_SHL0_mob
                0x008002a9                SHR0_databytes
                0x008002b1                can_Logger1_mob
                0x008002b6                SHL0_databytes
                0x008002be                can_Fusebox1_mob
                0x008002c3                SHB0_databytes
                0x008002cb                can_Logger0_mob
                0x008002d0                can_AMS1_mob
                0x008002d5                AMS3_databytes
                0x008002dd                Fusebox1_databytes
                0x008002e5                Fusebox0_databytes
                0x008002ed                Logger0_databytes
                0x008002f5                can_SWC_mob
                0x008002fa                can_SHB0_mob
                0x008002ff                SWC_databytes
                0x00800307                can_AMS2_mob
                0x0080030c                can_DIC0_mob
                0x00800311                can_AMS0_mob
 COMMON         0x00800316      0x140 display_data.o
                0x00800316                dsp_data
 COMMON         0x00800456        0x4 portextender.o
                0x00800456                current_msg
                0x0080045a                PROVIDE (__bss_end, .)
                0x00002bda                __data_load_start = LOADADDR (.data)
                0x00002cac                __data_load_end = (__data_load_start + SIZEOF (.data))

.noinit         0x0080045a        0x0
                [!provide]                PROVIDE (__noinit_start, .)
 *(.noinit*)
                [!provide]                PROVIDE (__noinit_end, .)
                0x0080045a                _end = .
                [!provide]                PROVIDE (__heap_start, .)

.eeprom         0x00810000        0x0
 *(.eeprom*)
                0x00810000                __eeprom_end = .

.fuse
 *(.fuse)
 *(.lfuse)
 *(.hfuse)
 *(.efuse)

.lock
 *(.lock*)

.signature
 *(.signature*)

.user_signatures
 *(.user_signatures*)

.stab
 *(.stab)

.stabstr
 *(.stabstr)

.stab.excl
 *(.stab.excl)

.stab.exclstr
 *(.stab.exclstr)

.stab.index
 *(.stab.index)

.stab.indexstr
 *(.stab.indexstr)

.comment        0x00000000       0x30
 *(.comment)
 .comment       0x00000000       0x30 canlib.o
                                 0x31 (size before relaxing)
 .comment       0x00000030       0x31 CAN_Data.o
 .comment       0x00000030       0x31 display_data.o
 .comment       0x00000030       0x31 display_functions.o
 .comment       0x00000030       0x31 error.o
 .comment       0x00000030       0x31 main.o
 .comment       0x00000030       0x31 portextender.o
 .comment       0x00000030       0x31 system_config.o

.note.gnu.avr.deviceinfo
                0x00000000       0x40
 .note.gnu.avr.deviceinfo
                0x00000000       0x40 C:/Program Files (x86)/Atmel/Studio/7.0/Packs/atmel/ATmega_DFP/1.2.209/gcc/dev/at90can128/avr51/crtat90can128.o

.note.gnu.build-id
 *(.note.gnu.build-id)

.debug
 *(.debug)

.line
 *(.line)

.debug_srcinfo
 *(.debug_srcinfo)

.debug_sfnames
 *(.debug_sfnames)

.debug_aranges  0x00000000      0x220
 *(.debug_aranges)
 .debug_aranges
                0x00000000       0x38 canlib.o
 .debug_aranges
                0x00000038       0x30 CAN_Data.o
 .debug_aranges
                0x00000068       0x50 display_data.o
 .debug_aranges
                0x000000b8       0x88 display_functions.o
 .debug_aranges
                0x00000140       0x20 error.o
 .debug_aranges
                0x00000160       0x30 main.o
 .debug_aranges
                0x00000190       0x60 portextender.o
 .debug_aranges
                0x000001f0       0x30 system_config.o

.debug_pubnames
 *(.debug_pubnames)

.debug_info     0x00000000     0x2358
 *(.debug_info .gnu.linkonce.wi.*)
 .debug_info    0x00000000      0xa2d C:/Program Files (x86)/Atmel/Studio/7.0/Packs/atmel/ATmega_DFP/1.2.209/gcc/dev/at90can128/avr51/crtat90can128.o
 .debug_info    0x00000a2d      0x1da canlib.o
 .debug_info    0x00000c07      0x609 CAN_Data.o
 .debug_info    0x00001210      0x459 display_data.o
 .debug_info    0x00001669      0x478 display_functions.o
 .debug_info    0x00001ae1       0xec error.o
 .debug_info    0x00001bcd      0x3bb main.o
 .debug_info    0x00001f88      0x2eb portextender.o
 .debug_info    0x00002273       0xe5 system_config.o

.debug_abbrev   0x00000000     0x11cf
 *(.debug_abbrev)
 .debug_abbrev  0x00000000      0x9a0 C:/Program Files (x86)/Atmel/Studio/7.0/Packs/atmel/ATmega_DFP/1.2.209/gcc/dev/at90can128/avr51/crtat90can128.o
 .debug_abbrev  0x000009a0       0xfc canlib.o
 .debug_abbrev  0x00000a9c       0xc8 CAN_Data.o
 .debug_abbrev  0x00000b64      0x160 display_data.o
 .debug_abbrev  0x00000cc4      0x178 display_functions.o
 .debug_abbrev  0x00000e3c       0xaa error.o
 .debug_abbrev  0x00000ee6      0x120 main.o
 .debug_abbrev  0x00001006      0x14f portextender.o
 .debug_abbrev  0x00001155       0x7a system_config.o

.debug_line     0x00000000     0x1de9
 *(.debug_line .debug_line.* .debug_line_end)
 .debug_line    0x00000000      0x175 C:/Program Files (x86)/Atmel/Studio/7.0/Packs/atmel/ATmega_DFP/1.2.209/gcc/dev/at90can128/avr51/crtat90can128.o
 .debug_line    0x00000175      0x2be canlib.o
 .debug_line    0x00000433      0x333 CAN_Data.o
 .debug_line    0x00000766      0x9ae display_data.o
 .debug_line    0x00001114      0x428 display_functions.o
 .debug_line    0x0000153c       0xde error.o
 .debug_line    0x0000161a      0x34e main.o
 .debug_line    0x00001968      0x31f portextender.o
 .debug_line    0x00001c87      0x162 system_config.o

.debug_frame    0x00000000      0x6ec
 *(.debug_frame)
 .debug_frame   0x00000000       0x94 canlib.o
 .debug_frame   0x00000094       0x74 CAN_Data.o
 .debug_frame   0x00000108      0x120 display_data.o
 .debug_frame   0x00000228      0x214 display_functions.o
 .debug_frame   0x0000043c       0x34 error.o
 .debug_frame   0x00000470       0x90 main.o
 .debug_frame   0x00000500      0x15c portextender.o
 .debug_frame   0x0000065c       0x90 system_config.o

.debug_str      0x00000000      0xf15
 *(.debug_str)
 .debug_str     0x00000000      0x39f C:/Program Files (x86)/Atmel/Studio/7.0/Packs/atmel/ATmega_DFP/1.2.209/gcc/dev/at90can128/avr51/crtat90can128.o
 .debug_str     0x0000039f      0x1c3 canlib.o
                                0x201 (size before relaxing)
 .debug_str     0x00000562      0x376 CAN_Data.o
                                0x515 (size before relaxing)
 .debug_str     0x000008d8      0x108 display_data.o
                                0x2b4 (size before relaxing)
 .debug_str     0x000009e0      0x22f display_functions.o
                                0x3e7 (size before relaxing)
 .debug_str     0x00000c0f       0x5d error.o
                                0x1a7 (size before relaxing)
 .debug_str     0x00000c6c      0x107 main.o
                                0x388 (size before relaxing)
 .debug_str     0x00000d73      0x164 portextender.o
                                0x2c5 (size before relaxing)
 .debug_str     0x00000ed7       0x3e system_config.o
                                0x1ce (size before relaxing)

.debug_loc      0x00000000      0xd85
 *(.debug_loc)
 .debug_loc     0x00000000      0x120 canlib.o
 .debug_loc     0x00000120       0xb1 CAN_Data.o
 .debug_loc     0x000001d1      0x250 display_data.o
 .debug_loc     0x00000421      0x455 display_functions.o
 .debug_loc     0x00000876       0x48 error.o
 .debug_loc     0x000008be      0x10c main.o
 .debug_loc     0x000009ca      0x2bc portextender.o
 .debug_loc     0x00000c86       0xff system_config.o

.debug_macinfo
 *(.debug_macinfo)

.debug_weaknames
 *(.debug_weaknames)

.debug_funcnames
 *(.debug_funcnames)

.debug_typenames
 *(.debug_typenames)

.debug_varnames
 *(.debug_varnames)

.debug_pubtypes
 *(.debug_pubtypes)

.debug_ranges   0x00000000      0x1a0
 *(.debug_ranges)
 .debug_ranges  0x00000000       0x28 canlib.o
 .debug_ranges  0x00000028       0x20 CAN_Data.o
 .debug_ranges  0x00000048       0x40 display_data.o
 .debug_ranges  0x00000088       0x78 display_functions.o
 .debug_ranges  0x00000100       0x10 error.o
 .debug_ranges  0x00000110       0x20 main.o
 .debug_ranges  0x00000130       0x50 portextender.o
 .debug_ranges  0x00000180       0x20 system_config.o

.debug_macro
 *(.debug_macro)
OUTPUT(dic.elf elf32-avr)
LOAD linker stubs
